Mar 14 11:20:28 workstation systemd[1]: Mounted Huge Pages File System.
Mar 14 11:20:28 workstation systemd[1]: Mounted POSIX Message Queue File System.
Mar 14 11:20:28 workstation systemd[1]: Mounted Kernel Debug File System.
Mar 14 11:20:28 workstation systemd[1]: Mounted Kernel Trace File System.
Mar 14 11:20:28 workstation systemd[1]: Finished Create List of Static Device Nodes.
Mar 14 11:20:28 workstation systemd[1]: modprobe@configfs.service: Deactivated successfully.
Mar 14 11:20:28 workstation systemd[1]: Finished Load Kernel Module configfs.
Mar 14 11:20:28 workstation systemd[1]: modprobe@chromeos_pstore.service: Deactivated successfully.
Mar 14 11:20:28 workstation systemd[1]: Finished Load Kernel Module chromeos_pstore.
Mar 14 11:20:28 workstation systemd[1]: modprobe@drm.service: Deactivated successfully.
Mar 14 11:20:28 workstation systemd[1]: Finished Load Kernel Module drm.
Mar 14 11:20:28 workstation systemd[1]: modprobe@efi_pstore.service: Deactivated successfully.
Mar 14 11:20:28 workstation systemd[1]: Finished Load Kernel Module efi_pstore.
Mar 14 11:20:28 workstation systemd[1]: modprobe@fuse.service: Deactivated successfully.
Mar 14 11:20:28 workstation systemd[1]: Finished Load Kernel Module fuse.
Mar 14 11:20:28 workstation systemd[1]: modprobe@pstore_blk.service: Deactivated successfully.
Mar 14 11:20:28 workstation systemd[1]: Finished Load Kernel Module pstore_blk.
Mar 14 11:20:28 workstation systemd[1]: modprobe@pstore_zone.service: Deactivated successfully.
Mar 14 11:20:28 workstation systemd[1]: Finished Load Kernel Module pstore_zone.
Mar 14 11:20:28 workstation systemd[1]: modprobe@ramoops.service: Deactivated successfully.
Mar 14 11:20:28 workstation systemd[1]: Finished Load Kernel Module ramoops.
Mar 14 11:20:28 workstation systemd[1]: Mounting FUSE Control File System...
Mar 14 11:20:28 workstation systemd[1]: Mounting Kernel Configuration File System...
Mar 14 11:20:28 workstation systemd[1]: Finished Remount Root and Kernel File Systems.
Mar 14 11:20:28 workstation systemd[1]: Mounted FUSE Control File System.
Mar 14 11:20:28 workstation systemd[1]: Activating swap /swapfile...
Mar 14 11:20:28 workstation systemd[1]: Condition check resulted in VMware vmblock fuse mount being skipped.
Mar 14 11:20:28 workstation systemd[1]: Starting Flush Journal to Persistent Storage...
Mar 14 11:20:28 workstation systemd[1]: Starting Load/Save Random Seed...
Mar 14 11:20:28 workstation systemd[1]: Starting Create System Users...
Mar 14 11:20:28 workstation systemd[1]: Mounted Kernel Configuration File System.
Mar 14 11:20:28 workstation systemd[1]: Activated swap /swapfile.
Mar 14 11:20:28 workstation systemd[1]: Finished Set the console keyboard layout.
Mar 14 11:20:28 workstation systemd[1]: Reached target Swaps.
Mar 14 11:20:28 workstation systemd[1]: modprobe@mtdpstore.service: Deactivated successfully.
Mar 14 11:20:28 workstation systemd[1]: Finished Load Kernel Module mtdpstore.
Mar 14 11:20:28 workstation systemd[1]: Condition check resulted in Platform Persistent Storage Archival being skipped.
Mar 14 11:20:28 workstation systemd-modules-load[253]: Inserted module 'lp'
Mar 14 11:20:28 workstation systemd[1]: Finished Coldplug All udev Devices.
Mar 14 11:20:28 workstation systemd[1]: Finished Load/Save Random Seed.
Mar 14 11:20:28 workstation systemd[1]: Condition check resulted in First Boot Complete being skipped.
Mar 14 11:20:28 workstation systemd-modules-load[253]: Inserted module 'ppdev'
Mar 14 11:20:28 workstation systemd[1]: Finished Create System Users.
Mar 14 11:20:28 workstation systemd[1]: Starting Create Static Device Nodes in /dev...
Mar 14 11:20:28 workstation systemd-modules-load[253]: Inserted module 'parport_pc'
Mar 14 11:20:28 workstation systemd-modules-load[253]: Inserted module 'msr'
Mar 14 11:20:28 workstation systemd-modules-load[253]: Inserted module 'ipmi_devintf'
Mar 14 11:20:28 workstation systemd-modules-load[253]: Module 'fuse' is built in
Mar 14 11:20:28 workstation systemd[1]: Finished Flush Journal to Persistent Storage.
Mar 14 11:20:28 workstation systemd[1]: Finished Create Static Device Nodes in /dev.
Mar 14 11:20:28 workstation systemd[1]: Reached target Preparation for Local File Systems.
Mar 14 11:20:28 workstation systemd[1]: Mounting Mount unit for bare, revision 5...
Mar 14 11:20:28 workstation systemd[1]: Mounting Mount unit for core20, revision 1587...
Mar 14 11:20:28 workstation systemd[1]: Mounting Mount unit for firefox, revision 1635...
Mar 14 11:20:28 workstation systemd[1]: Mounting Mount unit for gnome-3-38-2004, revision 112...
Mar 14 11:20:28 workstation systemd[1]: Mounting Mount unit for gtk-common-themes, revision 1535...
Mar 14 11:20:28 workstation systemd[1]: Mounting Mount unit for snap-store, revision 582...
Mar 14 11:20:28 workstation systemd[1]: Mounting Mount unit for snapd, revision 16292...
Mar 14 11:20:28 workstation systemd[1]: Mounting Mount unit for snapd-desktop-integration, revision 14...
Mar 14 11:20:28 workstation systemd[1]: Starting Rule-based Manager for Device Events and Files...
Mar 14 11:20:28 workstation systemd[1]: Mounted Mount unit for core20, revision 1587.
Mar 14 11:20:28 workstation systemd[1]: Mounted Mount unit for firefox, revision 1635.
Mar 14 11:20:28 workstation systemd[1]: Mounted Mount unit for gnome-3-38-2004, revision 112.
Mar 14 11:20:28 workstation systemd[1]: Mounted Mount unit for snap-store, revision 582.
Mar 14 11:20:28 workstation systemd[1]: Mounted Mount unit for bare, revision 5.
Mar 14 11:20:28 workstation systemd[1]: Mounted Mount unit for gtk-common-themes, revision 1535.
Mar 14 11:20:28 workstation systemd[1]: Mounted Mount unit for snapd, revision 16292.
Mar 14 11:20:28 workstation systemd[1]: Mounted Mount unit for snapd-desktop-integration, revision 14.
Mar 14 11:20:28 workstation systemd-modules-load[253]: Inserted module 'vmwgfx'
Mar 14 11:20:28 workstation systemd[1]: Finished Load Kernel Modules.
Mar 14 11:20:28 workstation systemd[1]: Starting Apply Kernel Variables...
Mar 14 11:20:28 workstation systemd[1]: Finished Apply Kernel Variables.
Mar 14 11:20:28 workstation systemd[1]: Started Rule-based Manager for Device Events and Files.
Mar 14 11:20:28 workstation systemd[1]: Starting Show Plymouth Boot Screen...
Mar 14 11:20:28 workstation systemd[1]: Received SIGRTMIN+20 from PID 308 (plymouthd).
Mar 14 11:20:28 workstation systemd[1]: Started Show Plymouth Boot Screen.
Mar 14 11:20:28 workstation systemd[1]: Condition check resulted in Dispatch Password Requests to Console Directory Watch being skipped.
Mar 14 11:20:28 workstation systemd[1]: Started Forward Password Requests to Plymouth Directory Watch.
Mar 14 11:20:28 workstation systemd[1]: Reached target Local Encrypted Volumes.
Mar 14 11:20:28 workstation systemd-udevd[303]: Using default interface naming scheme 'v249'.
Mar 14 11:20:28 workstation mtp-probe: checking bus 2, device 2: "/sys/devices/pci0000:00/0000:00:06.0/usb2/2-1"
Mar 14 11:20:28 workstation mtp-probe: bus: 2, device: 2 was not an MTP device
Mar 14 11:20:28 workstation systemd-udevd[305]: sda: Process '/usr/bin/unshare -m /usr/bin/snap auto-import --mount=/dev/sda' failed with exit code 1.
Mar 14 11:20:28 workstation systemd[1]: Listening on Load/Save RF Kill Switch Status /dev/rfkill Watch.
Mar 14 11:20:28 workstation systemd-udevd[302]: sda3: Process '/usr/bin/unshare -m /usr/bin/snap auto-import --mount=/dev/sda3' failed with exit code 1.
Mar 14 11:20:28 workstation systemd-udevd[306]: sda1: Process '/usr/bin/unshare -m /usr/bin/snap auto-import --mount=/dev/sda1' failed with exit code 1.
Mar 14 11:20:28 workstation systemd-udevd[298]: sda2: Process '/usr/bin/unshare -m /usr/bin/snap auto-import --mount=/dev/sda2' failed with exit code 1.
Mar 14 11:20:28 workstation systemd[1]: Found device VBOX_HARDDISK EFI\x20System\x20Partition.
Mar 14 11:20:28 workstation systemd[1]: Starting File System Check on /dev/disk/by-uuid/3C89-706A...
Mar 14 11:20:28 workstation systemd[1]: Started File System Check Daemon to report status.
Mar 14 11:20:28 workstation systemd-udevd[304]: sr0: Process '/usr/bin/unshare -m /usr/bin/snap auto-import --mount=/dev/sr0' failed with exit code 1.
Mar 14 11:20:28 workstation systemd-fsck[388]: fsck.fat 4.2 (2021-01-31)
Mar 14 11:20:28 workstation systemd-fsck[388]: /dev/sda2: 11 files, 1554/131063 clusters
Mar 14 11:20:28 workstation systemd[1]: Finished File System Check on /dev/disk/by-uuid/3C89-706A.
Mar 14 11:20:28 workstation systemd[1]: Mounting /boot/efi...
Mar 14 11:20:28 workstation systemd[1]: Mounted /boot/efi.
Mar 14 11:20:28 workstation systemd[1]: Reached target Local File Systems.
Mar 14 11:20:28 workstation systemd[1]: Starting Load AppArmor profiles...
Mar 14 11:20:28 workstation systemd[1]: Starting Set console font and keymap...
Mar 14 11:20:28 workstation systemd[1]: Starting Tell Plymouth To Write Out Runtime Data...
Mar 14 11:20:28 workstation systemd[1]: Condition check resulted in Set Up Additional Binary Formats being skipped.
Mar 14 11:20:28 workstation apparmor.systemd[401]: Restarting AppArmor
Mar 14 11:20:28 workstation apparmor.systemd[401]: Reloading AppArmor profiles
Mar 14 11:20:28 workstation systemd[1]: Condition check resulted in Store a System Token in an EFI Variable being skipped.
Mar 14 11:20:28 workstation systemd[1]: Starting Commit a transient machine-id on disk...
Mar 14 11:20:28 workstation systemd[1]: Starting Create Volatile Files and Directories...
Mar 14 11:20:28 workstation systemd[1]: Starting Uncomplicated firewall...
Mar 14 11:20:28 workstation systemd[1]: Finished Set console font and keymap.
Mar 14 11:20:28 workstation systemd[1]: Finished Tell Plymouth To Write Out Runtime Data.
Mar 14 11:20:28 workstation systemd[1]: Received SIGRTMIN+20 from PID 308 (plymouthd).
Mar 14 11:20:28 workstation systemd[1]: Finished Uncomplicated firewall.
Mar 14 11:20:28 workstation systemd[1]: Reached target Preparation for Network.
Mar 14 11:20:28 workstation systemd[1]: Finished Create Volatile Files and Directories.
Mar 14 11:20:28 workstation systemd[1]: Starting Userspace Out-Of-Memory (OOM) Killer...
Mar 14 11:20:28 workstation systemd[1]: Starting Network Name Resolution...
Mar 14 11:20:28 workstation systemd[1]: Starting Network Time Synchronization...
Mar 14 11:20:28 workstation systemd[1]: Starting Record System Boot/Shutdown in UTMP...
Mar 14 11:20:28 workstation systemd[1]: Finished Record System Boot/Shutdown in UTMP.
Mar 14 11:20:28 workstation systemd[1]: Finished Commit a transient machine-id on disk.
Mar 14 11:20:28 workstation systemd-resolved[425]: Positive Trust Anchors:
Mar 14 11:20:28 workstation systemd-resolved[425]: . IN DS 20326 8 2 e06d44b80b8f1d39a95c0b0d7c65d08458e880409bbc683457104237c7f8ec8d
Mar 14 11:20:28 workstation systemd-resolved[425]: Negative trust anchors: home.arpa 10.in-addr.arpa 16.172.in-addr.arpa 17.172.in-addr.arpa 18.172.in-addr.arpa 19.172.in-addr.arpa 20.172.in-addr.arpa 21.172.in-addr.arpa 22.172.in-addr.arpa 23.172.in-addr.arpa 24.172.in-addr.arpa 25.172.in-addr.arpa 26.172.in-addr.arpa 27.172.in-addr.arpa 28.172.in-addr.arpa 29.172.in-addr.arpa 30.172.in-addr.arpa 31.172.in-addr.arpa 168.192.in-addr.arpa d.f.ip6.arpa corp home internal intranet lan local private test
Mar 14 11:20:28 workstation systemd-resolved[425]: Using system hostname 'workstation'.
Mar 14 11:20:28 workstation systemd[1]: Started Network Name Resolution.
Mar 14 11:20:28 workstation systemd[1]: Reached target Host and Network Name Lookups.
Mar 14 11:20:28 workstation systemd[1]: Started Userspace Out-Of-Memory (OOM) Killer.
Mar 14 11:20:28 workstation systemd[1]: Started Network Time Synchronization.
Mar 14 11:20:28 workstation systemd[1]: Reached target System Time Set.
Mar 14 11:20:28 workstation systemd[1]: etc-machine\x2did.mount: Deactivated successfully.
Mar 14 11:20:28 workstation systemd-udevd[302]: controlC0: Process '/usr/sbin/alsactl -E HOME=/run/alsa -E XDG_RUNTIME_DIR=/run/alsa/runtime restore 0' failed with exit code 99.
Mar 14 11:20:28 workstation systemd[1]: Condition check resulted in Dispatch Password Requests to Console Directory Watch being skipped.
Mar 14 11:20:28 workstation systemd[1]: Starting Load Kernel Module chromeos_pstore...
Mar 14 11:20:28 workstation systemd[1]: Starting Load Kernel Module efi_pstore...
Mar 14 11:20:28 workstation systemd[1]: Starting Load Kernel Module mtdpstore...
Mar 14 11:20:28 workstation systemd[1]: Starting Load Kernel Module pstore_blk...
Mar 14 11:20:28 workstation systemd[1]: Starting Load Kernel Module pstore_zone...
Mar 14 11:20:28 workstation systemd[1]: Starting Load Kernel Module ramoops...
Mar 14 11:20:28 workstation systemd[1]: Condition check resulted in Set Up Additional Binary Formats being skipped.
Mar 14 11:20:28 workstation systemd[1]: Condition check resulted in Store a System Token in an EFI Variable being skipped.
Mar 14 11:20:28 workstation systemd[1]: modprobe@pstore_blk.service: Deactivated successfully.
Mar 14 11:20:28 workstation systemd[1]: Finished Load Kernel Module pstore_blk.
Mar 14 11:20:28 workstation systemd[1]: modprobe@pstore_zone.service: Deactivated successfully.
Mar 14 11:20:28 workstation systemd[1]: Finished Load Kernel Module pstore_zone.
Mar 14 11:20:28 workstation systemd[1]: modprobe@efi_pstore.service: Deactivated successfully.
Mar 14 11:20:28 workstation systemd[1]: Finished Load Kernel Module efi_pstore.
Mar 14 11:20:28 workstation systemd[1]: modprobe@ramoops.service: Deactivated successfully.
Mar 14 11:20:28 workstation systemd[1]: Finished Load Kernel Module ramoops.
Mar 14 11:20:28 workstation systemd[1]: modprobe@chromeos_pstore.service: Deactivated successfully.
Mar 14 11:20:28 workstation systemd[1]: Finished Load Kernel Module chromeos_pstore.
Mar 14 11:20:28 workstation systemd[1]: modprobe@mtdpstore.service: Deactivated successfully.
Mar 14 11:20:28 workstation systemd[1]: Finished Load Kernel Module mtdpstore.
Mar 14 11:20:28 workstation systemd[1]: Condition check resulted in Platform Persistent Storage Archival being skipped.
Mar 14 11:20:28 workstation apparmor.systemd[590]: Skipping profile in /etc/apparmor.d/disable: usr.sbin.rsyslogd
Mar 14 11:20:28 workstation systemd[1]: Finished Load AppArmor profiles.
Mar 14 11:20:28 workstation systemd[1]: Starting Load AppArmor profiles managed internally by snapd...
Mar 14 11:20:28 workstation systemd[1]: Condition check resulted in Authentication service for virtual machines hosted on VMware being skipped.
Mar 14 11:20:28 workstation systemd[1]: Condition check resulted in Service for virtual machines hosted on VMware being skipped.
Mar 14 11:20:28 workstation systemd[1]: Finished Load AppArmor profiles managed internally by snapd.
Mar 14 11:20:28 workstation systemd[1]: Reached target System Initialization.
Mar 14 11:20:28 workstation systemd[1]: Started ACPI Events Check.
Mar 14 11:20:28 workstation systemd[1]: Condition check resulted in Process error reports when automatic reporting is enabled (file watch) being skipped.
Mar 14 11:20:28 workstation systemd[1]: Started CUPS Scheduler.
Mar 14 11:20:28 workstation systemd[1]: Started Start whoopsie on modification of the /var/crash directory.
Mar 14 11:20:28 workstation systemd[1]: Started Trigger anacron every hour.
Mar 14 11:20:28 workstation systemd[1]: Condition check resulted in Process error reports when automatic reporting is enabled (timer based) being skipped.
Mar 14 11:20:28 workstation systemd[1]: Started Daily apt download activities.
Mar 14 11:20:28 workstation systemd[1]: Started Daily apt upgrade and clean activities.
Mar 14 11:20:28 workstation systemd[1]: Started Daily dpkg database backup timer.
Mar 14 11:20:28 workstation systemd[1]: Started Periodic ext4 Online Metadata Check for All Filesystems.
Mar 14 11:20:28 workstation systemd[1]: Started Discard unused blocks once a week.
Mar 14 11:20:28 workstation systemd[1]: Started Refresh fwupd metadata regularly.
Mar 14 11:20:28 workstation systemd[1]: Started Daily rotation of log files.
Mar 14 11:20:28 workstation systemd[1]: Started Daily man-db regeneration.
Mar 14 11:20:28 workstation systemd[1]: Started Message of the Day.
Mar 14 11:20:28 workstation systemd[1]: Condition check resulted in Timer to automatically fetch and run repair assertions being skipped.
Mar 14 11:20:28 workstation systemd[1]: Started Daily Cleanup of Temporary Directories.
Mar 14 11:20:28 workstation systemd[1]: Started Ubuntu Advantage Timer for running repeated jobs.
Mar 14 11:20:28 workstation systemd[1]: Reached target Path Units.
Mar 14 11:20:28 workstation systemd[1]: Listening on ACPID Listen Socket.
Mar 14 11:20:28 workstation systemd[1]: Condition check resulted in Unix socket for apport crash forwarding being skipped.
Mar 14 11:20:28 workstation systemd[1]: Listening on Avahi mDNS/DNS-SD Stack Activation Socket.
Mar 14 11:20:28 workstation systemd[1]: Listening on CUPS Scheduler.
Mar 14 11:20:28 workstation systemd[1]: Listening on D-Bus System Message Bus Socket.
Mar 14 11:20:28 workstation systemd[1]: Starting Socket activation for snappy daemon...
Mar 14 11:20:28 workstation systemd[1]: Listening on UUID daemon activation socket.
Mar 14 11:20:28 workstation systemd[1]: Listening on Socket activation for snappy daemon.
Mar 14 11:20:28 workstation systemd[1]: Reached target Socket Units.
Mar 14 11:20:28 workstation systemd[1]: Reached target Basic System.
Mar 14 11:20:28 workstation systemd[1]: Starting Accounts Service...
Mar 14 11:20:28 workstation systemd[1]: Started ACPI event daemon.
Mar 14 11:20:28 workstation systemd[1]: Started Run anacron jobs.
Mar 14 11:20:28 workstation systemd[1]: Starting LSB: automatic crash report generation...
Mar 14 11:20:28 workstation anacron[616]: Anacron 2.3 started on 2023-03-14
Mar 14 11:20:28 workstation systemd[1]: Starting Avahi mDNS/DNS-SD Stack...
Mar 14 11:20:28 workstation anacron[616]: Will run job `cron.daily' in 5 min.
Mar 14 11:20:28 workstation anacron[616]: Will run job `cron.weekly' in 10 min.
Mar 14 11:20:28 workstation anacron[616]: Will run job `cron.monthly' in 15 min.
Mar 14 11:20:28 workstation anacron[616]: Jobs will be executed sequentially
Mar 14 11:20:28 workstation systemd[1]: Started Regular background program processing daemon.
Mar 14 11:20:28 workstation systemd[1]: Started D-Bus System Message Bus.
Mar 14 11:20:28 workstation systemd[1]: Starting Network Manager...
Mar 14 11:20:28 workstation systemd[1]: Started Save initial kernel messages after boot.
Mar 14 11:20:28 workstation systemd[1]: Starting Remove Stale Online ext4 Metadata Check Snapshots...
Mar 14 11:20:28 workstation systemd[1]: Condition check resulted in getty on tty2-tty6 if dbus and logind are not available being skipped.
Mar 14 11:20:28 workstation systemd[1]: Reached target Login Prompts.
Mar 14 11:20:28 workstation systemd[1]: Starting Detect the available GPUs and deal with any system changes...
Mar 14 11:20:28 workstation systemd[1]: Starting Record successful boot for GRUB...
Mar 14 11:20:28 workstation avahi-daemon[618]: Found user 'avahi' (UID 114) and group 'avahi' (GID 121).
Mar 14 11:20:28 workstation cron[619]: (CRON) INFO (pidfile fd = 3)
Mar 14 11:20:28 workstation cron[619]: (CRON) INFO (Running @reboot jobs)
Mar 14 11:20:28 workstation systemd[1]: Started irqbalance daemon.
Mar 14 11:20:28 workstation systemd[1]: Starting Dispatcher daemon for systemd-networkd...
Mar 14 11:20:28 workstation systemd[1]: Starting Authorization Manager...
Mar 14 11:20:28 workstation systemd[1]: Starting Power Profiles daemon...
Mar 14 11:20:28 workstation systemd[1]: Starting System Logging Service...
Mar 14 11:20:28 workstation systemd[1]: Condition check resulted in Secure Boot updates for DB and DBX being skipped.
Mar 14 11:20:28 workstation systemd[1]: Condition check resulted in Automatically repair incorrect owner/permissions on core devices being skipped.
Mar 14 11:20:28 workstation systemd[1]: Condition check resulted in Wait for the Ubuntu Core chooser trigger being skipped.
Mar 14 11:20:28 workstation systemd[1]: Reached target Preparation for Logins.
Mar 14 11:20:28 workstation systemd[1]: Starting Snap Daemon...
Mar 14 11:20:28 workstation systemd[1]: Starting Switcheroo Control Proxy service...
Mar 14 11:20:28 workstation dbus-daemon[620]: dbus[620]: Unknown group "power" in message bus configuration file
Mar 14 11:20:28 workstation systemd[1]: Starting User Login Management...
Mar 14 11:20:28 workstation systemd[1]: Condition check resulted in Thermal Daemon Service being skipped.
Mar 14 11:20:28 workstation systemd[1]: Condition check resulted in Ubuntu Advantage reboot cmds being skipped.
Mar 14 11:20:28 workstation systemd[1]: Starting Disk Manager...
Mar 14 11:20:28 workstation systemd[1]: Starting WPA supplicant...
Mar 14 11:20:28 workstation udisksd[647]: udisks daemon version 2.9.4 starting
Mar 14 11:20:28 workstation acpid: starting up with netlink and the input layer
Mar 14 11:20:28 workstation acpid: 8 rules loaded
Mar 14 11:20:28 workstation acpid: waiting for events: event logging is off
Mar 14 11:20:28 workstation avahi-daemon[618]: Successfully dropped root privileges.
Mar 14 11:20:28 workstation rsyslogd: imuxsock: Acquired UNIX socket '/run/systemd/journal/syslog' (fd 3) from systemd.  [v8.2112.0]
Mar 14 11:20:28 workstation rsyslogd: rsyslogd's groupid changed to 111
Mar 14 11:20:28 workstation rsyslogd: rsyslogd's userid changed to 104
Mar 14 11:20:28 workstation rsyslogd: [origin software="rsyslogd" swVersion="8.2112.0" x-pid="638" x-info="https://www.rsyslog.com"] start
Mar 14 11:20:28 workstation avahi-daemon[618]: avahi-daemon 0.8 starting up.
Mar 14 11:20:28 workstation systemd[1]: Started System Logging Service.
Mar 14 11:20:28 workstation kernel: [    0.000000] Linux version 5.19.0-35-generic (buildd@lcy02-amd64-020) (x86_64-linux-gnu-gcc (Ubuntu 11.3.0-1ubuntu1~22.04) 11.3.0, GNU ld (GNU Binutils for Ubuntu) 2.38) #36~22.04.1-Ubuntu SMP PREEMPT_DYNAMIC Fri Feb 17 15:17:25 UTC 2 (Ubuntu 5.19.0-35.36~22.04.1-generic 5.19.17)
Mar 14 11:20:28 workstation kernel: [    0.000000] Command line: BOOT_IMAGE=/boot/vmlinuz-5.19.0-35-generic root=UUID=aa21a975-574c-47e7-a29f-6784b4fead3e ro quiet splash
Mar 14 11:20:28 workstation kernel: [    0.000000] KERNEL supported cpus:
Mar 14 11:20:28 workstation kernel: [    0.000000]   Intel GenuineIntel
Mar 14 11:20:28 workstation kernel: [    0.000000]   AMD AuthenticAMD
Mar 14 11:20:28 workstation kernel: [    0.000000]   Hygon HygonGenuine
Mar 14 11:20:28 workstation kernel: [    0.000000]   Centaur CentaurHauls
Mar 14 11:20:28 workstation kernel: [    0.000000]   zhaoxin   Shanghai  
Mar 14 11:20:28 workstation kernel: [    0.000000] x86/fpu: x87 FPU will use FXSAVE
Mar 14 11:20:28 workstation kernel: [    0.000000] signal: max sigframe size: 1440
Mar 14 11:20:28 workstation kernel: [    0.000000] BIOS-provided physical RAM map:
Mar 14 11:20:28 workstation kernel: [    0.000000] BIOS-e820: [mem 0x0000000000000000-0x000000000009fbff] usable
Mar 14 11:20:28 workstation kernel: [    0.000000] BIOS-e820: [mem 0x000000000009fc00-0x000000000009ffff] reserved
Mar 14 11:20:28 workstation kernel: [    0.000000] BIOS-e820: [mem 0x00000000000f0000-0x00000000000fffff] reserved
Mar 14 11:20:28 workstation kernel: [    0.000000] BIOS-e820: [mem 0x0000000000100000-0x000000007ffeffff] usable
Mar 14 11:20:28 workstation kernel: [    0.000000] BIOS-e820: [mem 0x000000007fff0000-0x000000007fffffff] ACPI data
Mar 14 11:20:28 workstation kernel: [    0.000000] BIOS-e820: [mem 0x00000000fec00000-0x00000000fec00fff] reserved
Mar 14 11:20:28 workstation kernel: [    0.000000] BIOS-e820: [mem 0x00000000fee00000-0x00000000fee00fff] reserved
Mar 14 11:20:28 workstation kernel: [    0.000000] BIOS-e820: [mem 0x00000000fffc0000-0x00000000ffffffff] reserved
Mar 14 11:20:28 workstation kernel: [    0.000000] NX (Execute Disable) protection: active
Mar 14 11:20:28 workstation kernel: [    0.000000] SMBIOS 2.5 present.
Mar 14 11:20:28 workstation kernel: [    0.000000] DMI: innotek GmbH VirtualBox/VirtualBox, BIOS VirtualBox 12/01/2006
Mar 14 11:20:28 workstation kernel: [    0.000000] Hypervisor detected: KVM
Mar 14 11:20:28 workstation kernel: [    0.000000] kvm-clock: Using msrs 4b564d01 and 4b564d00
Mar 14 11:20:28 workstation kernel: [    0.000001] kvm-clock: using sched offset of 1198525037887 cycles
Mar 14 11:20:28 workstation kernel: [    0.000003] clocksource: kvm-clock: mask: 0xffffffffffffffff max_cycles: 0x1cd42e4dffb, max_idle_ns: 881590591483 ns
Mar 14 11:20:28 workstation kernel: [    0.000006] tsc: Detected 2496.002 MHz processor
Mar 14 11:20:28 workstation kernel: [    0.001409] e820: update [mem 0x00000000-0x00000fff] usable ==> reserved
Mar 14 11:20:28 workstation kernel: [    0.001412] e820: remove [mem 0x000a0000-0x000fffff] usable
Mar 14 11:20:28 workstation kernel: [    0.001416] last_pfn = 0x7fff0 max_arch_pfn = 0x400000000
Mar 14 11:20:28 workstation kernel: [    0.001451] Disabled
Mar 14 11:20:28 workstation kernel: [    0.001452] x86/PAT: MTRRs disabled, skipping PAT initialization too.
Mar 14 11:20:28 workstation kernel: [    0.001456] CPU MTRRs all blank - virtualized system.
Mar 14 11:20:28 workstation kernel: [    0.001458] x86/PAT: Configuration [0-7]: WB  WT  UC- UC  WB  WT  UC- UC  
Mar 14 11:20:28 workstation kernel: [    0.001507] found SMP MP-table at [mem 0x0009fff0-0x0009ffff]
Mar 14 11:20:28 workstation kernel: [    0.001641] RAMDISK: [mem 0x2f83f000-0x33c16fff]
Mar 14 11:20:28 workstation kernel: [    0.001645] ACPI: Early table checksum verification disabled
Mar 14 11:20:28 workstation kernel: [    0.001648] ACPI: RSDP 0x00000000000E0000 000024 (v02 VBOX  )
Mar 14 11:20:28 workstation kernel: [    0.001651] ACPI: XSDT 0x000000007FFF0030 00003C (v01 VBOX   VBOXXSDT 00000001 ASL  00000061)
Mar 14 11:20:28 workstation kernel: [    0.001656] ACPI: FACP 0x000000007FFF00F0 0000F4 (v04 VBOX   VBOXFACP 00000001 ASL  00000061)
Mar 14 11:20:28 workstation kernel: [    0.001661] ACPI: DSDT 0x000000007FFF0610 002353 (v02 VBOX   VBOXBIOS 00000002 INTL 20100528)
Mar 14 11:20:28 workstation kernel: [    0.001663] ACPI: FACS 0x000000007FFF0200 000040
Mar 14 11:20:28 workstation kernel: [    0.001666] ACPI: FACS 0x000000007FFF0200 000040
Mar 14 11:20:28 workstation kernel: [    0.001668] ACPI: APIC 0x000000007FFF0240 00005C (v02 VBOX   VBOXAPIC 00000001 ASL  00000061)
Mar 14 11:20:28 workstation kernel: [    0.001671] ACPI: SSDT 0x000000007FFF02A0 00036C (v01 VBOX   VBOXCPUT 00000002 INTL 20100528)
Mar 14 11:20:28 workstation kernel: [    0.001673] ACPI: Reserving FACP table memory at [mem 0x7fff00f0-0x7fff01e3]
Mar 14 11:20:28 workstation kernel: [    0.001674] ACPI: Reserving DSDT table memory at [mem 0x7fff0610-0x7fff2962]
Mar 14 11:20:28 workstation kernel: [    0.001674] ACPI: Reserving FACS table memory at [mem 0x7fff0200-0x7fff023f]
Mar 14 11:20:28 workstation kernel: [    0.001675] ACPI: Reserving FACS table memory at [mem 0x7fff0200-0x7fff023f]
Mar 14 11:20:28 workstation kernel: [    0.001675] ACPI: Reserving APIC table memory at [mem 0x7fff0240-0x7fff029b]
Mar 14 11:20:28 workstation kernel: [    0.001676] ACPI: Reserving SSDT table memory at [mem 0x7fff02a0-0x7fff060b]
Mar 14 11:20:28 workstation kernel: [    0.002275] No NUMA configuration found
Mar 14 11:20:28 workstation kernel: [    0.002275] Faking a node at [mem 0x0000000000000000-0x000000007ffeffff]
Mar 14 11:20:28 workstation kernel: [    0.002280] NODE_DATA(0) allocated [mem 0x7ffc5000-0x7ffeffff]
Mar 14 11:20:28 workstation kernel: [    0.002478] Zone ranges:
Mar 14 11:20:28 workstation kernel: [    0.002478]   DMA      [mem 0x0000000000001000-0x0000000000ffffff]
Mar 14 11:20:28 workstation kernel: [    0.002480]   DMA32    [mem 0x0000000001000000-0x000000007ffeffff]
Mar 14 11:20:28 workstation kernel: [    0.002481]   Normal   empty
Mar 14 11:20:28 workstation kernel: [    0.002482]   Device   empty
Mar 14 11:20:28 workstation kernel: [    0.002482] Movable zone start for each node
Mar 14 11:20:28 workstation kernel: [    0.002483] Early memory node ranges
Mar 14 11:20:28 workstation kernel: [    0.002484]   node   0: [mem 0x0000000000001000-0x000000000009efff]
Mar 14 11:20:28 workstation kernel: [    0.002484]   node   0: [mem 0x0000000000100000-0x000000007ffeffff]
Mar 14 11:20:28 workstation kernel: [    0.002485] Initmem setup node 0 [mem 0x0000000000001000-0x000000007ffeffff]
Mar 14 11:20:28 workstation kernel: [    0.002488] On node 0, zone DMA: 1 pages in unavailable ranges
Mar 14 11:20:28 workstation kernel: [    0.002505] On node 0, zone DMA: 97 pages in unavailable ranges
Mar 14 11:20:28 workstation kernel: [    0.004740] On node 0, zone DMA32: 16 pages in unavailable ranges
Mar 14 11:20:28 workstation kernel: [    0.005764] ACPI: PM-Timer IO Port: 0x4008
Mar 14 11:20:28 workstation kernel: [    0.005933] IOAPIC[0]: apic_id 2, version 32, address 0xfec00000, GSI 0-23
Mar 14 11:20:28 workstation kernel: [    0.005936] ACPI: INT_SRC_OVR (bus 0 bus_irq 0 global_irq 2 dfl dfl)
Mar 14 11:20:28 workstation kernel: [    0.005937] ACPI: INT_SRC_OVR (bus 0 bus_irq 9 global_irq 9 low level)
Mar 14 11:20:28 workstation kernel: [    0.005941] ACPI: Using ACPI (MADT) for SMP configuration information
Mar 14 11:20:28 workstation kernel: [    0.005958] smpboot: Allowing 2 CPUs, 0 hotplug CPUs
Mar 14 11:20:28 workstation kernel: [    0.006014] PM: hibernation: Registered nosave memory: [mem 0x00000000-0x00000fff]
Mar 14 11:20:28 workstation kernel: [    0.006015] PM: hibernation: Registered nosave memory: [mem 0x0009f000-0x0009ffff]
Mar 14 11:20:28 workstation kernel: [    0.006016] PM: hibernation: Registered nosave memory: [mem 0x000a0000-0x000effff]
Mar 14 11:20:28 workstation kernel: [    0.006016] PM: hibernation: Registered nosave memory: [mem 0x000f0000-0x000fffff]
Mar 14 11:20:28 workstation kernel: [    0.006017] [mem 0x80000000-0xfebfffff] available for PCI devices
Mar 14 11:20:28 workstation kernel: [    0.006018] Booting paravirtualized kernel on KVM
Mar 14 11:20:28 workstation kernel: [    0.006019] clocksource: refined-jiffies: mask: 0xffffffff max_cycles: 0xffffffff, max_idle_ns: 7645519600211568 ns
Mar 14 11:20:28 workstation kernel: [    0.006023] setup_percpu: NR_CPUS:8192 nr_cpumask_bits:2 nr_cpu_ids:2 nr_node_ids:1
Mar 14 11:20:28 workstation kernel: [    0.006401] percpu: Embedded 61 pages/cpu s212992 r8192 d28672 u1048576
Mar 14 11:20:28 workstation kernel: [    0.006405] pcpu-alloc: s212992 r8192 d28672 u1048576 alloc=1*2097152
Mar 14 11:20:28 workstation kernel: [    0.006406] pcpu-alloc: [0] 0 1 
Mar 14 11:20:28 workstation kernel: [    0.006452] kvm-guest: PV spinlocks enabled
Mar 14 11:20:28 workstation kernel: [    0.006454] PV qspinlock hash table entries: 256 (order: 0, 4096 bytes, linear)
Mar 14 11:20:28 workstation kernel: [    0.006459] Fallback order for Node 0: 0 
Mar 14 11:20:28 workstation kernel: [    0.006461] Built 1 zonelists, mobility grouping on.  Total pages: 515824
Mar 14 11:20:28 workstation kernel: [    0.006462] Policy zone: DMA32
Mar 14 11:20:28 workstation kernel: [    0.006463] Kernel command line: BOOT_IMAGE=/boot/vmlinuz-5.19.0-35-generic root=UUID=aa21a975-574c-47e7-a29f-6784b4fead3e ro quiet splash
Mar 14 11:20:28 workstation kernel: [    0.006500] Unknown kernel command line parameters "splash BOOT_IMAGE=/boot/vmlinuz-5.19.0-35-generic", will be passed to user space.
Mar 14 11:20:28 workstation kernel: [    0.006615] Dentry cache hash table entries: 262144 (order: 9, 2097152 bytes, linear)
Mar 14 11:20:28 workstation kernel: [    0.006676] Inode-cache hash table entries: 131072 (order: 8, 1048576 bytes, linear)
Mar 14 11:20:28 workstation kernel: [    0.006712] mem auto-init: stack:off, heap alloc:on, heap free:off
Mar 14 11:20:28 workstation kernel: [    0.009478] Memory: 1944652K/2096696K available (18440K kernel code, 4050K rwdata, 11288K rodata, 3168K init, 4908K bss, 151784K reserved, 0K cma-reserved)
Mar 14 11:20:28 workstation kernel: [    0.009835] SLUB: HWalign=64, Order=0-3, MinObjects=0, CPUs=2, Nodes=1
Mar 14 11:20:28 workstation kernel: [    0.009854] ftrace: allocating 52174 entries in 204 pages
Mar 14 11:20:28 workstation kernel: [    0.016359] ftrace: allocated 204 pages with 4 groups
Mar 14 11:20:28 workstation kernel: [    0.016958] Dynamic Preempt: voluntary
Mar 14 11:20:28 workstation kernel: [    0.016991] rcu: Preemptible hierarchical RCU implementation.
Mar 14 11:20:28 workstation kernel: [    0.016992] rcu: 	RCU restricting CPUs from NR_CPUS=8192 to nr_cpu_ids=2.
Mar 14 11:20:28 workstation kernel: [    0.016993] 	Trampoline variant of Tasks RCU enabled.
Mar 14 11:20:28 workstation kernel: [    0.016993] 	Rude variant of Tasks RCU enabled.
Mar 14 11:20:28 workstation kernel: [    0.016993] 	Tracing variant of Tasks RCU enabled.
Mar 14 11:20:28 workstation kernel: [    0.016994] rcu: RCU calculated value of scheduler-enlistment delay is 25 jiffies.
Mar 14 11:20:28 workstation kernel: [    0.016994] rcu: Adjusting geometry for rcu_fanout_leaf=16, nr_cpu_ids=2
Mar 14 11:20:28 workstation kernel: [    0.019755] NR_IRQS: 524544, nr_irqs: 440, preallocated irqs: 16
Mar 14 11:20:28 workstation kernel: [    0.019985] rcu: srcu_init: Setting srcu_struct sizes based on contention.
Mar 14 11:20:28 workstation kernel: [    0.020147] random: crng init done
Mar 14 11:20:28 workstation kernel: [    0.047230] Console: colour VGA+ 80x25
Mar 14 11:20:28 workstation kernel: [    0.047238] printk: console [tty0] enabled
Mar 14 11:20:28 workstation kernel: [    0.047254] ACPI: Core revision 20220331
Mar 14 11:20:28 workstation kernel: [    0.047957] APIC: Switch to symmetric I/O mode setup
Mar 14 11:20:28 workstation kernel: [    0.056852] ..TIMER: vector=0x30 apic1=0 pin1=2 apic2=-1 pin2=-1
Mar 14 11:20:28 workstation kernel: [    0.057026] clocksource: tsc-early: mask: 0xffffffffffffffff max_cycles: 0x23fa79125d1, max_idle_ns: 440795329579 ns
Mar 14 11:20:28 workstation kernel: [    0.057032] Calibrating delay loop (skipped) preset value.. 4992.00 BogoMIPS (lpj=9984008)
Mar 14 11:20:28 workstation kernel: [    0.057034] pid_max: default: 32768 minimum: 301
Mar 14 11:20:28 workstation kernel: [    0.057051] LSM: Security Framework initializing
Mar 14 11:20:28 workstation kernel: [    0.057057] landlock: Up and running.
Mar 14 11:20:28 workstation kernel: [    0.057057] Yama: becoming mindful.
Mar 14 11:20:28 workstation kernel: [    0.057073] AppArmor: AppArmor initialized
Mar 14 11:20:28 workstation kernel: [    0.057093] Mount-cache hash table entries: 4096 (order: 3, 32768 bytes, linear)
Mar 14 11:20:28 workstation kernel: [    0.057096] Mountpoint-cache hash table entries: 4096 (order: 3, 32768 bytes, linear)
Mar 14 11:20:28 workstation kernel: [    0.057949] Last level iTLB entries: 4KB 0, 2MB 0, 4MB 0
Mar 14 11:20:28 workstation kernel: [    0.057950] Last level dTLB entries: 4KB 0, 2MB 0, 4MB 0, 1GB 0
Mar 14 11:20:28 workstation kernel: [    0.057953] Spectre V1 : Mitigation: usercopy/swapgs barriers and __user pointer sanitization
Mar 14 11:20:28 workstation kernel: [    0.057955] Spectre V2 : Mitigation: Enhanced IBRS
Mar 14 11:20:28 workstation kernel: [    0.057955] Spectre V2 : Spectre v2 / SpectreRSB mitigation: Filling RSB on context switch
Mar 14 11:20:28 workstation kernel: [    0.057956] Spectre V2 : Spectre v2 / PBRSB-eIBRS: Retire a single CALL on VMEXIT
Mar 14 11:20:28 workstation kernel: [    0.057956] RETBleed: Mitigation: Enhanced IBRS
Mar 14 11:20:28 workstation kernel: [    0.057957] Speculative Store Bypass: Vulnerable
Mar 14 11:20:28 workstation kernel: [    0.072218] Freeing SMP alternatives memory: 44K
Mar 14 11:20:28 workstation kernel: [    0.177031] APIC calibration not consistent with PM-Timer: 96ms instead of 100ms
Mar 14 11:20:28 workstation kernel: [    0.177034] APIC delta adjusted to PM-Timer: 6249975 (6001324)
Mar 14 11:20:28 workstation kernel: [    0.177222] smpboot: CPU0: 12th Gen Intel(R) Core(TM) i5-12400 (family: 0x6, model: 0x97, stepping: 0x2)
Mar 14 11:20:28 workstation kernel: [    0.177312] cblist_init_generic: Setting adjustable number of callback queues.
Mar 14 11:20:28 workstation kernel: [    0.177313] cblist_init_generic: Setting shift to 1 and lim to 1.
Mar 14 11:20:28 workstation kernel: [    0.177324] cblist_init_generic: Setting shift to 1 and lim to 1.
Mar 14 11:20:28 workstation kernel: [    0.177330] cblist_init_generic: Setting shift to 1 and lim to 1.
Mar 14 11:20:28 workstation kernel: [    0.177336] Performance Events: unsupported p6 CPU model 151 no PMU driver, software events only.
Mar 14 11:20:28 workstation kernel: [    0.177358] rcu: Hierarchical SRCU implementation.
Mar 14 11:20:28 workstation kernel: [    0.177358] rcu: 	Max phase no-delay instances is 1000.
Mar 14 11:20:28 workstation kernel: [    0.177634] NMI watchdog: Perf NMI watchdog permanently disabled
Mar 14 11:20:28 workstation kernel: [    0.177663] smp: Bringing up secondary CPUs ...
Mar 14 11:20:28 workstation kernel: [    0.177714] x86: Booting SMP configuration:
Mar 14 11:20:28 workstation kernel: [    0.177714] .... node  #0, CPUs:      #1
Mar 14 11:20:28 workstation kernel: [    0.181029] TSC synchronization [CPU#0 -> CPU#1]:
Mar 14 11:20:28 workstation kernel: [    0.181029] Measured 55756 cycles TSC warp between CPUs, turning off TSC clock.
Mar 14 11:20:28 workstation kernel: [    0.181029] tsc: Marking TSC unstable due to check_tsc_sync_source failed
Mar 14 11:20:28 workstation kernel: [    0.181391] smp: Brought up 1 node, 2 CPUs
Mar 14 11:20:28 workstation kernel: [    0.181394] smpboot: Max logical packages: 1
Mar 14 11:20:28 workstation kernel: [    0.181396] smpboot: Total of 2 processors activated (9984.00 BogoMIPS)
Mar 14 11:20:28 workstation kernel: [    0.181627] devtmpfs: initialized
Mar 14 11:20:28 workstation kernel: [    0.181627] x86/mm: Memory block size: 128MB
Mar 14 11:20:28 workstation kernel: [    0.181627] clocksource: jiffies: mask: 0xffffffff max_cycles: 0xffffffff, max_idle_ns: 7645041785100000 ns
Mar 14 11:20:28 workstation kernel: [    0.181627] futex hash table entries: 512 (order: 3, 32768 bytes, linear)
Mar 14 11:20:28 workstation kernel: [    0.181627] pinctrl core: initialized pinctrl subsystem
Mar 14 11:20:28 workstation kernel: [    0.181627] PM: RTC time: 03:20:20, date: 2023-03-14
Mar 14 11:20:28 workstation kernel: [    0.182292] NET: Registered PF_NETLINK/PF_ROUTE protocol family
Mar 14 11:20:28 workstation kernel: [    0.182376] DMA: preallocated 256 KiB GFP_KERNEL pool for atomic allocations
Mar 14 11:20:28 workstation kernel: [    0.182398] DMA: preallocated 256 KiB GFP_KERNEL|GFP_DMA pool for atomic allocations
Mar 14 11:20:28 workstation kernel: [    0.182412] DMA: preallocated 256 KiB GFP_KERNEL|GFP_DMA32 pool for atomic allocations
Mar 14 11:20:28 workstation kernel: [    0.182418] audit: initializing netlink subsys (disabled)
Mar 14 11:20:28 workstation kernel: [    0.182527] audit: type=2000 audit(1678765218.048:1): state=initialized audit_enabled=0 res=1
Mar 14 11:20:28 workstation kernel: [    0.182527] thermal_sys: Registered thermal governor 'fair_share'
Mar 14 11:20:28 workstation kernel: [    0.182527] thermal_sys: Registered thermal governor 'bang_bang'
Mar 14 11:20:28 workstation kernel: [    0.182527] thermal_sys: Registered thermal governor 'step_wise'
Mar 14 11:20:28 workstation kernel: [    0.182527] thermal_sys: Registered thermal governor 'user_space'
Mar 14 11:20:28 workstation kernel: [    0.182527] thermal_sys: Registered thermal governor 'power_allocator'
Mar 14 11:20:28 workstation kernel: [    0.182527] EISA bus registered
Mar 14 11:20:28 workstation kernel: [    0.182527] cpuidle: using governor ladder
Mar 14 11:20:28 workstation kernel: [    0.182527] cpuidle: using governor menu
Mar 14 11:20:28 workstation kernel: [    0.182527] acpiphp: ACPI Hot Plug PCI Controller Driver version: 0.5
Mar 14 11:20:28 workstation kernel: [    0.182527] PCI: Using configuration type 1 for base access
Mar 14 11:20:28 workstation kernel: [    0.185628] kprobes: kprobe jump-optimization is enabled. All kprobes are optimized if possible.
Mar 14 11:20:28 workstation kernel: [    0.202710] HugeTLB: can optimize 7 vmemmap pages for hugepages-2048kB
Mar 14 11:20:28 workstation kernel: [    0.202710] HugeTLB registered 2.00 MiB page size, pre-allocated 0 pages
Mar 14 11:20:28 workstation kernel: [    0.202710] ACPI: Added _OSI(Module Device)
Mar 14 11:20:28 workstation kernel: [    0.202710] ACPI: Added _OSI(Processor Device)
Mar 14 11:20:28 workstation kernel: [    0.202710] ACPI: Added _OSI(3.0 _SCP Extensions)
Mar 14 11:20:28 workstation kernel: [    0.202710] ACPI: Added _OSI(Processor Aggregator Device)
Mar 14 11:20:28 workstation kernel: [    0.202710] ACPI: Added _OSI(Linux-Dell-Video)
Mar 14 11:20:28 workstation kernel: [    0.202710] ACPI: Added _OSI(Linux-Lenovo-NV-HDMI-Audio)
Mar 14 11:20:28 workstation kernel: [    0.202710] ACPI: Added _OSI(Linux-HPI-Hybrid-Graphics)
Mar 14 11:20:28 workstation kernel: [    0.202807] ACPI: 2 ACPI AML tables successfully acquired and loaded
Mar 14 11:20:28 workstation kernel: [    0.206500] ACPI: Interpreter enabled
Mar 14 11:20:28 workstation kernel: [    0.206507] ACPI: PM: (supports S0 S5)
Mar 14 11:20:28 workstation kernel: [    0.206508] ACPI: Using IOAPIC for interrupt routing
Mar 14 11:20:28 workstation kernel: [    0.206721] PCI: Using host bridge windows from ACPI; if necessary, use "pci=nocrs" and report a bug
Mar 14 11:20:28 workstation kernel: [    0.206722] PCI: Using E820 reservations for host bridge windows
Mar 14 11:20:28 workstation kernel: [    0.206799] ACPI: Enabled 2 GPEs in block 00 to 07
Mar 14 11:20:28 workstation kernel: [    0.210427] ACPI: PCI Root Bridge [PCI0] (domain 0000 [bus 00-ff])
Mar 14 11:20:28 workstation kernel: [    0.210431] acpi PNP0A03:00: _OSC: OS supports [ASPM ClockPM Segments MSI EDR HPX-Type3]
Mar 14 11:20:28 workstation kernel: [    0.210433] acpi PNP0A03:00: _OSC: not requesting OS control; OS requires [ExtendedConfig ASPM ClockPM MSI]
Mar 14 11:20:28 workstation kernel: [    0.210910] acpi PNP0A03:00: fail to add MMCONFIG information, can't access extended PCI configuration space under this bridge.
Mar 14 11:20:28 workstation kernel: [    0.211249] PCI host bridge to bus 0000:00
Mar 14 11:20:28 workstation kernel: [    0.211250] pci_bus 0000:00: root bus resource [io  0x0000-0x0cf7 window]
Mar 14 11:20:28 workstation kernel: [    0.211251] pci_bus 0000:00: root bus resource [io  0x0d00-0xffff window]
Mar 14 11:20:28 workstation kernel: [    0.211252] pci_bus 0000:00: root bus resource [mem 0x000a0000-0x000bffff window]
Mar 14 11:20:28 workstation kernel: [    0.211253] pci_bus 0000:00: root bus resource [mem 0x80000000-0xfdffffff window]
Mar 14 11:20:28 workstation kernel: [    0.211254] pci_bus 0000:00: root bus resource [bus 00-ff]
Mar 14 11:20:28 workstation kernel: [    0.211456] pci 0000:00:00.0: [8086:1237] type 00 class 0x060000
Mar 14 11:20:28 workstation kernel: [    0.212223] pci 0000:00:01.0: [8086:7000] type 00 class 0x060100
Mar 14 11:20:28 workstation kernel: [    0.213029] pci 0000:00:01.1: [8086:7111] type 00 class 0x01018a
Mar 14 11:20:28 workstation kernel: [    0.213029] pci 0000:00:01.1: reg 0x20: [io  0xd000-0xd00f]
Mar 14 11:20:28 workstation kernel: [    0.213029] pci 0000:00:01.1: legacy IDE quirk: reg 0x10: [io  0x01f0-0x01f7]
Mar 14 11:20:28 workstation kernel: [    0.213029] pci 0000:00:01.1: legacy IDE quirk: reg 0x14: [io  0x03f6]
Mar 14 11:20:28 workstation kernel: [    0.213029] pci 0000:00:01.1: legacy IDE quirk: reg 0x18: [io  0x0170-0x0177]
Mar 14 11:20:28 workstation kernel: [    0.213029] pci 0000:00:01.1: legacy IDE quirk: reg 0x1c: [io  0x0376]
Mar 14 11:20:28 workstation kernel: [    0.213295] pci 0000:00:02.0: [15ad:0405] type 00 class 0x030000
Mar 14 11:20:28 workstation kernel: [    0.214026] pci 0000:00:02.0: reg 0x10: [io  0xd010-0xd01f]
Mar 14 11:20:28 workstation kernel: [    0.214674] pci 0000:00:02.0: reg 0x14: [mem 0xe0000000-0xe0ffffff pref]
Mar 14 11:20:28 workstation kernel: [    0.215243] pci 0000:00:02.0: reg 0x18: [mem 0xf0000000-0xf01fffff]
Mar 14 11:20:28 workstation kernel: [    0.217029] pci 0000:00:02.0: Video device with shadowed ROM at [mem 0x000c0000-0x000dffff]
Mar 14 11:20:28 workstation kernel: [    0.217048] pci 0000:00:03.0: [8086:100e] type 00 class 0x020000
Mar 14 11:20:28 workstation kernel: [    0.217283] pci 0000:00:03.0: reg 0x10: [mem 0xf0200000-0xf021ffff]
Mar 14 11:20:28 workstation kernel: [    0.217534] pci 0000:00:03.0: reg 0x18: [io  0xd020-0xd027]
Mar 14 11:20:28 workstation kernel: [    0.218687] pci 0000:00:04.0: [80ee:cafe] type 00 class 0x088000
Mar 14 11:20:28 workstation kernel: [    0.219086] pci 0000:00:04.0: reg 0x10: [io  0xd040-0xd05f]
Mar 14 11:20:28 workstation kernel: [    0.219353] pci 0000:00:04.0: reg 0x14: [mem 0xf0400000-0xf07fffff]
Mar 14 11:20:28 workstation kernel: [    0.219612] pci 0000:00:04.0: reg 0x18: [mem 0xf0800000-0xf0803fff pref]
Mar 14 11:20:28 workstation kernel: [    0.221027] pci 0000:00:05.0: [8086:2415] type 00 class 0x040100
Mar 14 11:20:28 workstation kernel: [    0.221029] pci 0000:00:05.0: reg 0x10: [io  0xd100-0xd1ff]
Mar 14 11:20:28 workstation kernel: [    0.221029] pci 0000:00:05.0: reg 0x14: [io  0xd200-0xd23f]
Mar 14 11:20:28 workstation kernel: [    0.221029] pci 0000:00:06.0: [106b:003f] type 00 class 0x0c0310
Mar 14 11:20:28 workstation kernel: [    0.221119] pci 0000:00:06.0: reg 0x10: [mem 0xf0804000-0xf0804fff]
Mar 14 11:20:28 workstation kernel: [    0.222228] pci 0000:00:07.0: [8086:7113] type 00 class 0x068000
Mar 14 11:20:28 workstation kernel: [    0.222905] pci 0000:00:07.0: quirk: [io  0x4000-0x403f] claimed by PIIX4 ACPI
Mar 14 11:20:28 workstation kernel: [    0.222922] pci 0000:00:07.0: quirk: [io  0x4100-0x410f] claimed by PIIX4 SMB
Mar 14 11:20:28 workstation kernel: [    0.229029] pci 0000:00:0b.0: [8086:265c] type 00 class 0x0c0320
Mar 14 11:20:28 workstation kernel: [    0.229032] pci 0000:00:0b.0: reg 0x10: [mem 0xf0805000-0xf0805fff]
Mar 14 11:20:28 workstation kernel: [    0.232219] pci 0000:00:0d.0: [8086:2829] type 00 class 0x010601
Mar 14 11:20:28 workstation kernel: [    0.232442] pci 0000:00:0d.0: reg 0x10: [io  0xd240-0xd247]
Mar 14 11:20:28 workstation kernel: [    0.232566] pci 0000:00:0d.0: reg 0x14: [io  0xd248-0xd24b]
Mar 14 11:20:28 workstation kernel: [    0.232688] pci 0000:00:0d.0: reg 0x18: [io  0xd250-0xd257]
Mar 14 11:20:28 workstation kernel: [    0.232809] pci 0000:00:0d.0: reg 0x1c: [io  0xd258-0xd25b]
Mar 14 11:20:28 workstation kernel: [    0.232930] pci 0000:00:0d.0: reg 0x20: [io  0xd260-0xd26f]
Mar 14 11:20:28 workstation kernel: [    0.233029] pci 0000:00:0d.0: reg 0x24: [mem 0xf0806000-0xf0807fff]
Mar 14 11:20:28 workstation kernel: [    0.261567] ACPI: PCI: Interrupt link LNKA configured for IRQ 11
Mar 14 11:20:28 workstation kernel: [    0.261975] ACPI: PCI: Interrupt link LNKB configured for IRQ 10
Mar 14 11:20:28 workstation kernel: [    0.262091] ACPI: PCI: Interrupt link LNKC configured for IRQ 9
Mar 14 11:20:28 workstation kernel: [    0.262217] ACPI: PCI: Interrupt link LNKD configured for IRQ 11
Mar 14 11:20:28 workstation kernel: [    0.262513] iommu: Default domain type: Translated 
Mar 14 11:20:28 workstation kernel: [    0.262513] iommu: DMA domain TLB invalidation policy: lazy mode 
Mar 14 11:20:28 workstation kernel: [    0.262513] SCSI subsystem initialized
Mar 14 11:20:28 workstation kernel: [    0.262513] libata version 3.00 loaded.
Mar 14 11:20:28 workstation kernel: [    0.262513] ACPI: bus type USB registered
Mar 14 11:20:28 workstation kernel: [    0.262513] usbcore: registered new interface driver usbfs
Mar 14 11:20:28 workstation kernel: [    0.262513] usbcore: registered new interface driver hub
Mar 14 11:20:28 workstation kernel: [    0.262513] usbcore: registered new device driver usb
Mar 14 11:20:28 workstation kernel: [    0.262513] pps_core: LinuxPPS API ver. 1 registered
Mar 14 11:20:28 workstation kernel: [    0.262513] pps_core: Software ver. 5.3.6 - Copyright 2005-2007 Rodolfo Giometti <giometti@linux.it>
Mar 14 11:20:28 workstation kernel: [    0.262513] PTP clock support registered
Mar 14 11:20:28 workstation kernel: [    0.262513] EDAC MC: Ver: 3.0.0
Mar 14 11:20:28 workstation kernel: [    0.262513] NetLabel: Initializing
Mar 14 11:20:28 workstation kernel: [    0.262513] NetLabel:  domain hash size = 128
Mar 14 11:20:28 workstation kernel: [    0.262513] NetLabel:  protocols = UNLABELED CIPSOv4 CALIPSO
Mar 14 11:20:28 workstation kernel: [    0.262513] NetLabel:  unlabeled traffic allowed by default
Mar 14 11:20:28 workstation kernel: [    0.262513] mctp: management component transport protocol core
Mar 14 11:20:28 workstation kernel: [    0.262513] NET: Registered PF_MCTP protocol family
Mar 14 11:20:28 workstation kernel: [    0.262513] PCI: Using ACPI for IRQ routing
Mar 14 11:20:28 workstation kernel: [    0.262513] PCI: pci_cache_line_size set to 64 bytes
Mar 14 11:20:28 workstation kernel: [    0.262513] e820: reserve RAM buffer [mem 0x0009fc00-0x0009ffff]
Mar 14 11:20:28 workstation kernel: [    0.262513] e820: reserve RAM buffer [mem 0x7fff0000-0x7fffffff]
Mar 14 11:20:28 workstation kernel: [    0.262513] pci 0000:00:02.0: vgaarb: setting as boot VGA device
Mar 14 11:20:28 workstation kernel: [    0.262513] pci 0000:00:02.0: vgaarb: bridge control possible
Mar 14 11:20:28 workstation kernel: [    0.262513] pci 0000:00:02.0: vgaarb: VGA device added: decodes=io+mem,owns=io+mem,locks=none
Mar 14 11:20:28 workstation kernel: [    0.262513] vgaarb: loaded
Mar 14 11:20:28 workstation kernel: [    0.265613] clocksource: Switched to clocksource kvm-clock
Mar 14 11:20:28 workstation kernel: [    0.272643] VFS: Disk quotas dquot_6.6.0
Mar 14 11:20:28 workstation kernel: [    0.272651] VFS: Dquot-cache hash table entries: 512 (order 0, 4096 bytes)
Mar 14 11:20:28 workstation kernel: [    0.272711] AppArmor: AppArmor Filesystem Enabled
Mar 14 11:20:28 workstation kernel: [    0.272722] pnp: PnP ACPI init
Mar 14 11:20:28 workstation kernel: [    0.273468] pnp: PnP ACPI: found 2 devices
Mar 14 11:20:28 workstation kernel: [    0.299027] clocksource: acpi_pm: mask: 0xffffff max_cycles: 0xffffff, max_idle_ns: 2085701024 ns
Mar 14 11:20:28 workstation kernel: [    0.299067] NET: Registered PF_INET protocol family
Mar 14 11:20:28 workstation kernel: [    0.299100] IP idents hash table entries: 32768 (order: 6, 262144 bytes, linear)
Mar 14 11:20:28 workstation kernel: [    0.299552] tcp_listen_portaddr_hash hash table entries: 1024 (order: 2, 16384 bytes, linear)
Mar 14 11:20:28 workstation kernel: [    0.299573] Table-perturb hash table entries: 65536 (order: 6, 262144 bytes, linear)
Mar 14 11:20:28 workstation kernel: [    0.299583] TCP established hash table entries: 16384 (order: 5, 131072 bytes, linear)
Mar 14 11:20:28 workstation kernel: [    0.299608] TCP bind hash table entries: 16384 (order: 6, 262144 bytes, linear)
Mar 14 11:20:28 workstation kernel: [    0.299617] TCP: Hash tables configured (established 16384 bind 16384)
Mar 14 11:20:28 workstation kernel: [    0.299648] MPTCP token hash table entries: 2048 (order: 3, 49152 bytes, linear)
Mar 14 11:20:28 workstation kernel: [    0.299656] UDP hash table entries: 1024 (order: 3, 32768 bytes, linear)
Mar 14 11:20:28 workstation kernel: [    0.299661] UDP-Lite hash table entries: 1024 (order: 3, 32768 bytes, linear)
Mar 14 11:20:28 workstation kernel: [    0.299676] NET: Registered PF_UNIX/PF_LOCAL protocol family
Mar 14 11:20:28 workstation kernel: [    0.299679] NET: Registered PF_XDP protocol family
Mar 14 11:20:28 workstation kernel: [    0.299686] pci_bus 0000:00: resource 4 [io  0x0000-0x0cf7 window]
Mar 14 11:20:28 workstation kernel: [    0.299688] pci_bus 0000:00: resource 5 [io  0x0d00-0xffff window]
Mar 14 11:20:28 workstation kernel: [    0.299688] pci_bus 0000:00: resource 6 [mem 0x000a0000-0x000bffff window]
Mar 14 11:20:28 workstation kernel: [    0.299689] pci_bus 0000:00: resource 7 [mem 0x80000000-0xfdffffff window]
Mar 14 11:20:28 workstation kernel: [    0.299727] pci 0000:00:00.0: Limiting direct PCI/PCI transfers
Mar 14 11:20:28 workstation kernel: [    0.299743] pci 0000:00:01.0: Activating ISA DMA hang workarounds
Mar 14 11:20:28 workstation kernel: [    0.303003] PCI: CLS 0 bytes, default 64
Mar 14 11:20:28 workstation kernel: [    0.303044] Trying to unpack rootfs image as initramfs...
Mar 14 11:20:28 workstation kernel: [    0.318094] platform rtc_cmos: registered platform RTC device (no PNP device found)
Mar 14 11:20:28 workstation kernel: [    0.318813] Initialise system trusted keyrings
Mar 14 11:20:28 workstation kernel: [    0.318818] Key type blacklist registered
Mar 14 11:20:28 workstation kernel: [    0.319091] workingset: timestamp_bits=36 max_order=19 bucket_order=0
Mar 14 11:20:28 workstation kernel: [    0.319589] zbud: loaded
Mar 14 11:20:28 workstation kernel: [    0.319720] squashfs: version 4.0 (2009/01/31) Phillip Lougher
Mar 14 11:20:28 workstation kernel: [    0.320110] fuse: init (API version 7.36)
Mar 14 11:20:28 workstation kernel: [    0.321211] integrity: Platform Keyring initialized
Mar 14 11:20:28 workstation kernel: [    0.321211] integrity: Machine keyring initialized
Mar 14 11:20:28 workstation kernel: [    0.325904] Key type asymmetric registered
Mar 14 11:20:28 workstation kernel: [    0.325906] Asymmetric key parser 'x509' registered
Mar 14 11:20:28 workstation kernel: [    0.536610] Freeing initrd memory: 69472K
Mar 14 11:20:28 workstation kernel: [    0.540747] alg: self-tests for CTR-KDF (hmac(sha256)) passed
Mar 14 11:20:28 workstation kernel: [    0.540764] Block layer SCSI generic (bsg) driver version 0.4 loaded (major 243)
Mar 14 11:20:28 workstation kernel: [    0.541155] io scheduler mq-deadline registered
Mar 14 11:20:28 workstation kernel: [    0.542750] shpchp: Standard Hot Plug PCI Controller Driver version: 0.4
Mar 14 11:20:28 workstation kernel: [    0.542871] ACPI: AC: AC Adapter [AC] (on-line)
Mar 14 11:20:28 workstation kernel: [    0.542895] input: Power Button as /devices/LNXSYSTM:00/LNXPWRBN:00/input/input0
Mar 14 11:20:28 workstation kernel: [    0.542913] ACPI: button: Power Button [PWRF]
Mar 14 11:20:28 workstation kernel: [    0.542960] input: Sleep Button as /devices/LNXSYSTM:00/LNXSLPBN:00/input/input1
Mar 14 11:20:28 workstation kernel: [    0.542967] ACPI: button: Sleep Button [SLPF]
Mar 14 11:20:28 workstation kernel: [    0.543765] Serial: 8250/16550 driver, 32 ports, IRQ sharing enabled
Mar 14 11:20:28 workstation kernel: [    0.553298] Linux agpgart interface v0.103
Mar 14 11:20:28 workstation kernel: [    0.556311] loop: module loaded
Mar 14 11:20:28 workstation kernel: [    0.556880] ata_piix 0000:00:01.1: version 2.13
Mar 14 11:20:28 workstation kernel: [    0.558438] scsi host0: ata_piix
Mar 14 11:20:28 workstation kernel: [    0.559228] scsi host1: ata_piix
Mar 14 11:20:28 workstation kernel: [    0.559247] ata1: PATA max UDMA/33 cmd 0x1f0 ctl 0x3f6 bmdma 0xd000 irq 14
Mar 14 11:20:28 workstation kernel: [    0.559248] ata2: PATA max UDMA/33 cmd 0x170 ctl 0x376 bmdma 0xd008 irq 15
Mar 14 11:20:28 workstation kernel: [    0.559365] tun: Universal TUN/TAP device driver, 1.6
Mar 14 11:20:28 workstation kernel: [    0.560007] PPP generic driver version 2.4.2
Mar 14 11:20:28 workstation kernel: [    0.560851] VFIO - User Level meta-driver version: 0.3
Mar 14 11:20:28 workstation kernel: [    0.561165] ehci_hcd: USB 2.0 'Enhanced' Host Controller (EHCI) Driver
Mar 14 11:20:28 workstation kernel: [    0.561168] ehci-pci: EHCI PCI platform driver
Mar 14 11:20:28 workstation kernel: [    0.561748] ehci-pci 0000:00:0b.0: EHCI Host Controller
Mar 14 11:20:28 workstation kernel: [    0.561752] ehci-pci 0000:00:0b.0: new USB bus registered, assigned bus number 1
Mar 14 11:20:28 workstation kernel: [    0.562456] ehci-pci 0000:00:0b.0: irq 19, io mem 0xf0805000
Mar 14 11:20:28 workstation kernel: [    0.577192] ehci-pci 0000:00:0b.0: USB 2.0 started, EHCI 1.00
Mar 14 11:20:28 workstation kernel: [    0.577253] usb usb1: New USB device found, idVendor=1d6b, idProduct=0002, bcdDevice= 5.19
Mar 14 11:20:28 workstation kernel: [    0.577255] usb usb1: New USB device strings: Mfr=3, Product=2, SerialNumber=1
Mar 14 11:20:28 workstation kernel: [    0.577256] usb usb1: Product: EHCI Host Controller
Mar 14 11:20:28 workstation kernel: [    0.577257] usb usb1: Manufacturer: Linux 5.19.0-35-generic ehci_hcd
Mar 14 11:20:28 workstation kernel: [    0.577257] usb usb1: SerialNumber: 0000:00:0b.0
Mar 14 11:20:28 workstation kernel: [    0.577490] hub 1-0:1.0: USB hub found
Mar 14 11:20:28 workstation kernel: [    0.577493] hub 1-0:1.0: 12 ports detected
Mar 14 11:20:28 workstation kernel: [    0.577798] ehci-platform: EHCI generic platform driver
Mar 14 11:20:28 workstation kernel: [    0.577803] ohci_hcd: USB 1.1 'Open' Host Controller (OHCI) Driver
Mar 14 11:20:28 workstation kernel: [    0.577805] ohci-pci: OHCI PCI platform driver
Mar 14 11:20:28 workstation kernel: [    0.578366] ohci-pci 0000:00:06.0: OHCI PCI host controller
Mar 14 11:20:28 workstation kernel: [    0.578370] ohci-pci 0000:00:06.0: new USB bus registered, assigned bus number 2
Mar 14 11:20:28 workstation kernel: [    0.578590] ohci-pci 0000:00:06.0: irq 22, io mem 0xf0804000
Mar 14 11:20:28 workstation kernel: [    0.637901] usb usb2: New USB device found, idVendor=1d6b, idProduct=0001, bcdDevice= 5.19
Mar 14 11:20:28 workstation kernel: [    0.637904] usb usb2: New USB device strings: Mfr=3, Product=2, SerialNumber=1
Mar 14 11:20:28 workstation kernel: [    0.637906] usb usb2: Product: OHCI PCI host controller
Mar 14 11:20:28 workstation kernel: [    0.637907] usb usb2: Manufacturer: Linux 5.19.0-35-generic ohci_hcd
Mar 14 11:20:28 workstation kernel: [    0.637907] usb usb2: SerialNumber: 0000:00:06.0
Mar 14 11:20:28 workstation kernel: [    0.638237] hub 2-0:1.0: USB hub found
Mar 14 11:20:28 workstation kernel: [    0.638275] hub 2-0:1.0: 12 ports detected
Mar 14 11:20:28 workstation kernel: [    0.638999] ohci-platform: OHCI generic platform driver
Mar 14 11:20:28 workstation kernel: [    0.639007] uhci_hcd: USB Universal Host Controller Interface driver
Mar 14 11:20:28 workstation kernel: [    0.639037] i8042: PNP: PS/2 Controller [PNP0303:PS2K,PNP0f03:PS2M] at 0x60,0x64 irq 1,12
Mar 14 11:20:28 workstation kernel: [    0.640467] serio: i8042 KBD port at 0x60,0x64 irq 1
Mar 14 11:20:28 workstation kernel: [    0.640470] serio: i8042 AUX port at 0x60,0x64 irq 12
Mar 14 11:20:28 workstation kernel: [    0.640947] mousedev: PS/2 mouse device common for all mice
Mar 14 11:20:28 workstation kernel: [    0.644075] input: AT Translated Set 2 keyboard as /devices/platform/i8042/serio0/input/input2
Mar 14 11:20:28 workstation kernel: [    0.644153] rtc_cmos rtc_cmos: registered as rtc0
Mar 14 11:20:28 workstation kernel: [    0.644659] rtc_cmos rtc_cmos: setting system clock to 2023-03-14T03:20:20 UTC (1678764020)
Mar 14 11:20:28 workstation kernel: [    0.644678] rtc_cmos rtc_cmos: alarms up to one day, 114 bytes nvram
Mar 14 11:20:28 workstation kernel: [    0.644682] i2c_dev: i2c /dev entries driver
Mar 14 11:20:28 workstation kernel: [    0.644700] device-mapper: core: CONFIG_IMA_DISABLE_HTABLE is disabled. Duplicate IMA measurements will not be recorded in the IMA log.
Mar 14 11:20:28 workstation kernel: [    0.644716] device-mapper: uevent: version 1.0.3
Mar 14 11:20:28 workstation kernel: [    0.644925] device-mapper: ioctl: 4.47.0-ioctl (2022-07-28) initialised: dm-devel@redhat.com
Mar 14 11:20:28 workstation kernel: [    0.644942] platform eisa.0: Probing EISA bus 0
Mar 14 11:20:28 workstation kernel: [    0.644944] platform eisa.0: EISA: Cannot allocate resource for mainboard
Mar 14 11:20:28 workstation kernel: [    0.644945] platform eisa.0: Cannot allocate resource for EISA slot 1
Mar 14 11:20:28 workstation kernel: [    0.644946] platform eisa.0: Cannot allocate resource for EISA slot 2
Mar 14 11:20:28 workstation kernel: [    0.644951] platform eisa.0: Cannot allocate resource for EISA slot 3
Mar 14 11:20:28 workstation kernel: [    0.644952] platform eisa.0: Cannot allocate resource for EISA slot 4
Mar 14 11:20:28 workstation kernel: [    0.644953] platform eisa.0: Cannot allocate resource for EISA slot 5
Mar 14 11:20:28 workstation kernel: [    0.644953] platform eisa.0: Cannot allocate resource for EISA slot 6
Mar 14 11:20:28 workstation kernel: [    0.644954] platform eisa.0: Cannot allocate resource for EISA slot 7
Mar 14 11:20:28 workstation kernel: [    0.644955] platform eisa.0: Cannot allocate resource for EISA slot 8
Mar 14 11:20:28 workstation kernel: [    0.644956] platform eisa.0: EISA: Detected 0 cards
Mar 14 11:20:28 workstation kernel: [    0.644959] intel_pstate: CPU model not supported
Mar 14 11:20:28 workstation kernel: [    0.645307] ledtrig-cpu: registered to indicate activity on CPUs
Mar 14 11:20:28 workstation kernel: [    0.645355] drop_monitor: Initializing network drop monitor service
Mar 14 11:20:28 workstation kernel: [    0.653354] NET: Registered PF_INET6 protocol family
Mar 14 11:20:28 workstation kernel: [    0.658135] Segment Routing with IPv6
Mar 14 11:20:28 workstation kernel: [    0.658142] In-situ OAM (IOAM) with IPv6
Mar 14 11:20:28 workstation kernel: [    0.658157] NET: Registered PF_PACKET protocol family
Mar 14 11:20:28 workstation kernel: [    0.658362] Key type dns_resolver registered
Mar 14 11:20:28 workstation kernel: [    0.658922] IPI shorthand broadcast: enabled
Mar 14 11:20:28 workstation kernel: [    0.658935] sched_clock: Marking stable (625981520, 32897577)->(683457701, -24578604)
Mar 14 11:20:28 workstation kernel: [    0.659434] registered taskstats version 1
Mar 14 11:20:28 workstation kernel: [    0.659612] Loading compiled-in X.509 certificates
Mar 14 11:20:28 workstation kernel: [    0.660914] Loaded X.509 cert 'Build time autogenerated kernel key: 0f8b52ff8b28cb5dd474b5fe37ca4e5d73f537fd'
Mar 14 11:20:28 workstation kernel: [    0.661182] Loaded X.509 cert 'Canonical Ltd. Live Patch Signing: 14df34d1a87cf37625abec039ef2bf521249b969'
Mar 14 11:20:28 workstation kernel: [    0.661436] Loaded X.509 cert 'Canonical Ltd. Kernel Module Signing: 88f752e560a1e0737e31163a466ad7b70a850c19'
Mar 14 11:20:28 workstation kernel: [    0.661437] blacklist: Loading compiled-in revocation X.509 certificates
Mar 14 11:20:28 workstation kernel: [    0.661447] Loaded X.509 cert 'Canonical Ltd. Secure Boot Signing: 61482aa2830d0ab2ad5af10b7250da9033ddcef0'
Mar 14 11:20:28 workstation kernel: [    0.661460] Loaded X.509 cert 'Canonical Ltd. Secure Boot Signing (2017): 242ade75ac4a15e50d50c84b0d45ff3eae707a03'
Mar 14 11:20:28 workstation kernel: [    0.661470] Loaded X.509 cert 'Canonical Ltd. Secure Boot Signing (ESM 2018): 365188c1d374d6b07c3c8f240f8ef722433d6a8b'
Mar 14 11:20:28 workstation kernel: [    0.661595] Loaded X.509 cert 'Canonical Ltd. Secure Boot Signing (2019): c0746fd6c5da3ae827864651ad66ae47fe24b3e8'
Mar 14 11:20:28 workstation kernel: [    0.661610] Loaded X.509 cert 'Canonical Ltd. Secure Boot Signing (2021 v1): a8d54bbb3825cfb94fa13c9f8a594a195c107b8d'
Mar 14 11:20:28 workstation kernel: [    0.661619] Loaded X.509 cert 'Canonical Ltd. Secure Boot Signing (2021 v2): 4cf046892d6fd3c9a5b03f98d845f90851dc6a8c'
Mar 14 11:20:28 workstation kernel: [    0.661627] Loaded X.509 cert 'Canonical Ltd. Secure Boot Signing (2021 v3): 100437bb6de6e469b581e61cd66bce3ef4ed53af'
Mar 14 11:20:28 workstation kernel: [    0.661633] Loaded X.509 cert 'Canonical Ltd. Secure Boot Signing (Ubuntu Core 2019): c1d57b8f6b743f23ee41f4f7ee292f06eecadfb9'
Mar 14 11:20:28 workstation kernel: [    0.662016] zswap: loaded using pool lzo/zbud
Mar 14 11:20:28 workstation kernel: [    0.662817] Key type .fscrypt registered
Mar 14 11:20:28 workstation kernel: [    0.662818] Key type fscrypt-provisioning registered
Mar 14 11:20:28 workstation kernel: [    0.669436] Key type encrypted registered
Mar 14 11:20:28 workstation kernel: [    0.669440] AppArmor: AppArmor sha1 policy hashing enabled
Mar 14 11:20:28 workstation kernel: [    0.669448] ima: No TPM chip found, activating TPM-bypass!
Mar 14 11:20:28 workstation kernel: [    0.669450] Loading compiled-in module X.509 certificates
Mar 14 11:20:28 workstation kernel: [    0.669816] Loaded X.509 cert 'Build time autogenerated kernel key: 0f8b52ff8b28cb5dd474b5fe37ca4e5d73f537fd'
Mar 14 11:20:28 workstation kernel: [    0.669820] ima: Allocated hash algorithm: sha1
Mar 14 11:20:28 workstation kernel: [    0.669826] ima: No architecture policies found
Mar 14 11:20:28 workstation kernel: [    0.669834] evm: Initialising EVM extended attributes:
Mar 14 11:20:28 workstation kernel: [    0.669835] evm: security.selinux
Mar 14 11:20:28 workstation kernel: [    0.669835] evm: security.SMACK64
Mar 14 11:20:28 workstation kernel: [    0.669836] evm: security.SMACK64EXEC
Mar 14 11:20:28 workstation kernel: [    0.669836] evm: security.SMACK64TRANSMUTE
Mar 14 11:20:28 workstation kernel: [    0.669837] evm: security.SMACK64MMAP
Mar 14 11:20:28 workstation kernel: [    0.669837] evm: security.apparmor
Mar 14 11:20:28 workstation kernel: [    0.669838] evm: security.ima
Mar 14 11:20:28 workstation kernel: [    0.669838] evm: security.capability
Mar 14 11:20:28 workstation kernel: [    0.669839] evm: HMAC attrs: 0x1
Mar 14 11:20:28 workstation kernel: [    0.682770] PM:   Magic number: 15:618:310
Mar 14 11:20:28 workstation kernel: [    0.682789] tty tty39: hash matches
Mar 14 11:20:28 workstation kernel: [    0.683057] RAS: Correctable Errors collector initialized.
Mar 14 11:20:28 workstation kernel: [    0.736780] ata2.00: ATAPI: VBOX CD-ROM, 1.0, max UDMA/133
Mar 14 11:20:28 workstation kernel: [    0.738535] scsi 1:0:0:0: CD-ROM            VBOX     CD-ROM           1.0  PQ: 0 ANSI: 5
Mar 14 11:20:28 workstation kernel: [    0.767005] sr 1:0:0:0: [sr0] scsi3-mmc drive: 32x/32x xa/form2 tray
Mar 14 11:20:28 workstation kernel: [    0.767008] cdrom: Uniform CD-ROM driver Revision: 3.20
Mar 14 11:20:28 workstation kernel: [    0.794732] sr 1:0:0:0: Attached scsi CD-ROM sr0
Mar 14 11:20:28 workstation kernel: [    0.795023] sr 1:0:0:0: Attached scsi generic sg0 type 5
Mar 14 11:20:28 workstation kernel: [    0.796287] Freeing unused decrypted memory: 2036K
Mar 14 11:20:28 workstation kernel: [    0.796701] Freeing unused kernel image (initmem) memory: 3168K
Mar 14 11:20:28 workstation kernel: [    0.809401] Write protecting the kernel read-only data: 32768k
Mar 14 11:20:28 workstation kernel: [    0.810035] Freeing unused kernel image (text/rodata gap) memory: 2036K
Mar 14 11:20:28 workstation kernel: [    0.810397] Freeing unused kernel image (rodata/data gap) memory: 1000K
Mar 14 11:20:28 workstation kernel: [    0.816776] x86/mm: Checked W+X mappings: passed, no W+X pages found.
Mar 14 11:20:28 workstation kernel: [    0.816780] Run /init as init process
Mar 14 11:20:28 workstation kernel: [    0.816781]   with arguments:
Mar 14 11:20:28 workstation kernel: [    0.816782]     /init
Mar 14 11:20:28 workstation kernel: [    0.816783]     splash
Mar 14 11:20:28 workstation kernel: [    0.816783]   with environment:
Mar 14 11:20:28 workstation kernel: [    0.816783]     HOME=/
Mar 14 11:20:28 workstation kernel: [    0.816784]     TERM=linux
Mar 14 11:20:28 workstation kernel: [    0.816784]     BOOT_IMAGE=/boot/vmlinuz-5.19.0-35-generic
Mar 14 11:20:28 workstation kernel: [    0.880918] ACPI: video: Video Device [GFX0] (multi-head: yes  rom: no  post: no)
Mar 14 11:20:28 workstation kernel: [    0.891390] e1000: Intel(R) PRO/1000 Network Driver
Mar 14 11:20:28 workstation kernel: [    0.891393] e1000: Copyright (c) 1999-2006 Intel Corporation.
Mar 14 11:20:28 workstation kernel: [    0.892397] ahci 0000:00:0d.0: version 3.0
Mar 14 11:20:28 workstation kernel: [    0.897681] piix4_smbus 0000:00:07.0: SMBus Host Controller at 0x4100, revision 0
Mar 14 11:20:28 workstation kernel: [    0.906625] ahci 0000:00:0d.0: SSS flag set, parallel bus scan disabled
Mar 14 11:20:28 workstation kernel: [    0.907155] ahci 0000:00:0d.0: AHCI 0001.0100 32 slots 1 ports 3 Gbps 0x1 impl SATA mode
Mar 14 11:20:28 workstation kernel: [    0.907158] ahci 0000:00:0d.0: flags: 64bit ncq stag only ccc 
Mar 14 11:20:28 workstation kernel: [    0.908513] input: Video Bus as /devices/LNXSYSTM:00/LNXSYBUS:00/PNP0A03:00/LNXVIDEO:00/input/input4
Mar 14 11:20:28 workstation kernel: [    0.918422] scsi host2: ahci
Mar 14 11:20:28 workstation kernel: [    0.918512] ata3: SATA max UDMA/133 abar m8192@0xf0806000 port 0xf0806100 irq 21
Mar 14 11:20:28 workstation kernel: [    0.984232] usb 2-1: new full-speed USB device number 2 using ohci-pci
Mar 14 11:20:28 workstation kernel: [    1.114366] input: ImExPS/2 Generic Explorer Mouse as /devices/platform/i8042/serio1/input/input5
Mar 14 11:20:28 workstation kernel: [    1.233878] ata3: SATA link up 3.0 Gbps (SStatus 123 SControl 300)
Mar 14 11:20:28 workstation kernel: [    1.234111] ata3.00: ATA-6: VBOX HARDDISK, 1.0, max UDMA/133
Mar 14 11:20:28 workstation kernel: [    1.234114] ata3.00: 83886080 sectors, multi 128: LBA48 NCQ (depth 32)
Mar 14 11:20:28 workstation kernel: [    1.234567] ata3.00: configured for UDMA/133
Mar 14 11:20:28 workstation kernel: [    1.234630] scsi 2:0:0:0: Direct-Access     ATA      VBOX HARDDISK    1.0  PQ: 0 ANSI: 5
Mar 14 11:20:28 workstation kernel: [    1.234805] sd 2:0:0:0: [sda] 83886080 512-byte logical blocks: (42.9 GB/40.0 GiB)
Mar 14 11:20:28 workstation kernel: [    1.234811] sd 2:0:0:0: [sda] Write Protect is off
Mar 14 11:20:28 workstation kernel: [    1.234813] sd 2:0:0:0: [sda] Mode Sense: 00 3a 00 00
Mar 14 11:20:28 workstation kernel: [    1.234821] sd 2:0:0:0: [sda] Write cache: enabled, read cache: enabled, doesn't support DPO or FUA
Mar 14 11:20:28 workstation kernel: [    1.234830] sd 2:0:0:0: [sda] Preferred minimum I/O size 512 bytes
Mar 14 11:20:28 workstation kernel: [    1.234954] sd 2:0:0:0: Attached scsi generic sg1 type 0
Mar 14 11:20:28 workstation kernel: [    1.252727]  sda: sda1 sda2 sda3
Mar 14 11:20:28 workstation kernel: [    1.252813] sd 2:0:0:0: [sda] Attached SCSI disk
Mar 14 11:20:28 workstation kernel: [    1.350600] usb 2-1: New USB device found, idVendor=80ee, idProduct=0021, bcdDevice= 1.00
Mar 14 11:20:28 workstation kernel: [    1.350605] usb 2-1: New USB device strings: Mfr=1, Product=3, SerialNumber=0
Mar 14 11:20:28 workstation kernel: [    1.350607] usb 2-1: Product: USB Tablet
Mar 14 11:20:28 workstation kernel: [    1.350608] usb 2-1: Manufacturer: VirtualBox
Mar 14 11:20:28 workstation kernel: [    1.362358] hid: raw HID events driver (C) Jiri Kosina
Mar 14 11:20:28 workstation kernel: [    1.379668] usbcore: registered new interface driver usbhid
Mar 14 11:20:28 workstation kernel: [    1.379670] usbhid: USB HID core driver
Mar 14 11:20:28 workstation kernel: [    1.382102] input: VirtualBox USB Tablet as /devices/pci0000:00/0000:00:06.0/usb2/2-1/2-1:1.0/0003:80EE:0021.0001/input/input6
Mar 14 11:20:28 workstation kernel: [    1.382235] hid-generic 0003:80EE:0021.0001: input,hidraw0: USB HID v1.10 Mouse [VirtualBox USB Tablet] on usb-0000:00:06.0-1/input0
Mar 14 11:20:28 workstation kernel: [    1.478735] e1000 0000:00:03.0 eth0: (PCI:33MHz:32-bit) 08:00:27:61:19:a8
Mar 14 11:20:28 workstation kernel: [    1.478743] e1000 0000:00:03.0 eth0: Intel(R) PRO/1000 Network Connection
Mar 14 11:20:28 workstation kernel: [    1.479701] e1000 0000:00:03.0 enp0s3: renamed from eth0
Mar 14 11:20:28 workstation kernel: [    1.552646] EXT4-fs (sda3): mounted filesystem with ordered data mode. Quota mode: none.
Mar 14 11:20:28 workstation kernel: [    1.677139] systemd[1]: Inserted module 'autofs4'
Mar 14 11:20:28 workstation kernel: [    1.696032] systemd[1]: systemd 249.11-0ubuntu3.4 running in system mode (+PAM +AUDIT +SELINUX +APPARMOR +IMA +SMACK +SECCOMP +GCRYPT +GNUTLS +OPENSSL +ACL +BLKID +CURL +ELFUTILS +FIDO2 +IDN2 -IDN +IPTC +KMOD +LIBCRYPTSETUP -LIBFDISK +PCRE2 -PWQUALITY -P11KIT -QRENCODE +BZIP2 +LZ4 +XZ +ZLIB +ZSTD -XKBCOMMON +UTMP +SYSVINIT default-hierarchy=unified)
Mar 14 11:20:28 workstation kernel: [    1.696044] systemd[1]: Detected virtualization oracle.
Mar 14 11:20:28 workstation kernel: [    1.696046] systemd[1]: Detected architecture x86-64.
Mar 14 11:20:28 workstation kernel: [    1.696426] systemd[1]: Hostname set to <workstation>.
Mar 14 11:20:28 workstation kernel: [    1.699789] systemd[1]: Initializing machine ID from random generator.
Mar 14 11:20:28 workstation kernel: [    1.699815] systemd[1]: Installed transient /etc/machine-id file.
Mar 14 11:20:28 workstation kernel: [    1.893146] systemd[1]: Queued start job for default target Graphical Interface.
Mar 14 11:20:28 workstation kernel: [    1.894345] systemd[1]: Created slice Slice /system/modprobe.
Mar 14 11:20:28 workstation kernel: [    1.894670] systemd[1]: Created slice Slice /system/systemd-fsck.
Mar 14 11:20:28 workstation kernel: [    1.894758] systemd[1]: Created slice User and Session Slice.
Mar 14 11:20:28 workstation kernel: [    1.894791] systemd[1]: Started Forward Password Requests to Wall Directory Watch.
Mar 14 11:20:28 workstation kernel: [    1.894875] systemd[1]: Set up automount Arbitrary Executable File Formats File System Automount Point.
Mar 14 11:20:28 workstation kernel: [    1.894901] systemd[1]: Reached target User and Group Name Lookups.
Mar 14 11:20:28 workstation kernel: [    1.894909] systemd[1]: Reached target Remote File Systems.
Mar 14 11:20:28 workstation kernel: [    1.894913] systemd[1]: Reached target Slice Units.
Mar 14 11:20:28 workstation kernel: [    1.894925] systemd[1]: Reached target Local Verity Protected Volumes.
Mar 14 11:20:28 workstation kernel: [    1.894983] systemd[1]: Listening on Syslog Socket.
Mar 14 11:20:28 workstation kernel: [    1.895016] systemd[1]: Listening on fsck to fsckd communication Socket.
Mar 14 11:20:28 workstation kernel: [    1.895036] systemd[1]: Listening on initctl Compatibility Named Pipe.
Mar 14 11:20:28 workstation kernel: [    1.895110] systemd[1]: Listening on Journal Audit Socket.
Mar 14 11:20:28 workstation kernel: [    1.895140] systemd[1]: Listening on Journal Socket (/dev/log).
Mar 14 11:20:28 workstation kernel: [    1.895174] systemd[1]: Listening on Journal Socket.
Mar 14 11:20:28 workstation kernel: [    1.895219] systemd[1]: Listening on udev Control Socket.
Mar 14 11:20:28 workstation kernel: [    1.895250] systemd[1]: Listening on udev Kernel Socket.
Mar 14 11:20:28 workstation kernel: [    1.895787] systemd[1]: Mounting Huge Pages File System...
Mar 14 11:20:28 workstation kernel: [    1.896667] systemd[1]: Mounting POSIX Message Queue File System...
Mar 14 11:20:28 workstation kernel: [    1.897428] systemd[1]: Mounting Kernel Debug File System...
Mar 14 11:20:28 workstation kernel: [    1.897889] systemd[1]: Mounting Kernel Trace File System...
Mar 14 11:20:28 workstation kernel: [    1.899337] systemd[1]: Starting Journal Service...
Mar 14 11:20:28 workstation kernel: [    1.899814] systemd[1]: Starting Set the console keyboard layout...
Mar 14 11:20:28 workstation kernel: [    1.900219] systemd[1]: Starting Create List of Static Device Nodes...
Mar 14 11:20:28 workstation kernel: [    1.900664] systemd[1]: Starting Load Kernel Module chromeos_pstore...
Mar 14 11:20:28 workstation kernel: [    1.901222] systemd[1]: Starting Load Kernel Module configfs...
Mar 14 11:20:28 workstation kernel: [    1.901975] systemd[1]: Starting Load Kernel Module drm...
Mar 14 11:20:28 workstation kernel: [    1.903268] systemd[1]: Starting Load Kernel Module efi_pstore...
Mar 14 11:20:28 workstation kernel: [    1.904084] systemd[1]: Starting Load Kernel Module fuse...
Mar 14 11:20:28 workstation kernel: [    1.910931] systemd[1]: Starting Load Kernel Module mtdpstore...
Mar 14 11:20:28 workstation kernel: [    1.915272] systemd[1]: Starting Load Kernel Module pstore_blk...
Mar 14 11:20:28 workstation kernel: [    1.927242] systemd[1]: Starting Load Kernel Module pstore_zone...
Mar 14 11:20:28 workstation kernel: [    1.930922] systemd[1]: Starting Load Kernel Module ramoops...
Mar 14 11:20:28 workstation kernel: [    1.931206] systemd[1]: Condition check resulted in File System Check on Root Device being skipped.
Mar 14 11:20:28 workstation kernel: [    1.942864] ACPI: bus type drm_connector registered
Mar 14 11:20:28 workstation kernel: [    1.945280] systemd[1]: Starting Load Kernel Modules...
Mar 14 11:20:28 workstation kernel: [    1.948234] systemd[1]: Starting Remount Root and Kernel File Systems...
Mar 14 11:20:28 workstation kernel: [    1.956624] systemd[1]: Starting Coldplug All udev Devices...
Mar 14 11:20:28 workstation kernel: [    1.958395] systemd[1]: Started Journal Service.
Mar 14 11:20:28 workstation kernel: [    1.968555] mtd device must be supplied (device name is empty)
Mar 14 11:20:28 workstation kernel: [    1.972923] EXT4-fs (sda3): re-mounted. Quota mode: none.
Mar 14 11:20:28 workstation kernel: [    1.996247] Adding 4392956k swap on /swapfile.  Priority:-2 extents:9 across:4704252k FS
Mar 14 11:20:28 workstation kernel: [    2.002585] systemd-journald[236]: Received client request to flush runtime journal.
Mar 14 11:20:28 workstation kernel: [    2.019650] lp: driver loaded but no devices found
Mar 14 11:20:28 workstation kernel: [    2.033169] ppdev: user-space parallel port driver
Mar 14 11:20:28 workstation kernel: [    2.048681] IPMI message handler: version 39.2
Mar 14 11:20:28 workstation kernel: [    2.052143] ipmi device interface
Mar 14 11:20:28 workstation kernel: [    2.076880] loop0: detected capacity change from 0 to 126896
Mar 14 11:20:28 workstation kernel: [    2.081511] loop1: detected capacity change from 0 to 334424
Mar 14 11:20:28 workstation kernel: [    2.090571] loop2: detected capacity change from 0 to 820832
Mar 14 11:20:28 workstation kernel: [    2.094627] loop3: detected capacity change from 0 to 93928
Mar 14 11:20:28 workstation kernel: [    2.098346] loop4: detected capacity change from 0 to 96176
Mar 14 11:20:28 workstation kernel: [    2.098814] loop5: detected capacity change from 0 to 187776
Mar 14 11:20:28 workstation kernel: [    2.099235] loop6: detected capacity change from 0 to 8
Mar 14 11:20:28 workstation kernel: [    2.107413] vmwgfx 0000:00:02.0: vgaarb: deactivate vga console
Mar 14 11:20:28 workstation kernel: [    2.107846] Console: switching to colour dummy device 80x25
Mar 14 11:20:28 workstation kernel: [    2.108461] vmwgfx 0000:00:02.0: [drm] FIFO at 0x00000000f0000000 size is 2048 kiB
Mar 14 11:20:28 workstation kernel: [    2.108469] vmwgfx 0000:00:02.0: [drm] VRAM at 0x00000000e0000000 size is 16384 kiB
Mar 14 11:20:28 workstation kernel: [    2.108503] vmwgfx 0000:00:02.0: [drm] Running on SVGA version 2.
Mar 14 11:20:28 workstation kernel: [    2.108521] vmwgfx 0000:00:02.0: [drm] Capabilities: rect copy, cursor, cursor bypass, cursor bypass 2, alpha cursor, extended fifo, pitchlock, irq mask, gmr, traces, gmr2, screen object 2, command buffers, 
Mar 14 11:20:28 workstation kernel: [    2.108522] vmwgfx 0000:00:02.0: [drm] DMA map mode: Caching DMA mappings.
Mar 14 11:20:28 workstation kernel: [    2.108662] vmwgfx 0000:00:02.0: [drm] Legacy memory limits: VRAM = 16384 kB, FIFO = 2048 kB, surface = 507904 kB
Mar 14 11:20:28 workstation kernel: [    2.108664] vmwgfx 0000:00:02.0: [drm] MOB limits: max mob size = 0 kB, max mob pages = 0
Mar 14 11:20:28 workstation kernel: [    2.108665] vmwgfx 0000:00:02.0: [drm] Max GMR ids is 8192
Mar 14 11:20:28 workstation kernel: [    2.108666] vmwgfx 0000:00:02.0: [drm] Max number of GMR pages is 1048576
Mar 14 11:20:28 workstation kernel: [    2.108666] vmwgfx 0000:00:02.0: [drm] Maximum display memory size is 16384 kiB
Mar 14 11:20:28 workstation kernel: [    2.109144] vmwgfx 0000:00:02.0: [drm] Screen Object display unit initialized
Mar 14 11:20:28 workstation kernel: [    2.109428] vmwgfx 0000:00:02.0: [drm] Fifo max 0x00200000 min 0x00001000 cap 0x00000355
Mar 14 11:20:28 workstation kernel: [    2.109586] vmwgfx 0000:00:02.0: [drm] Using command buffers with DMA pool.
Mar 14 11:20:28 workstation kernel: [    2.109592] vmwgfx 0000:00:02.0: [drm] Available shader model: Legacy.
Mar 14 11:20:28 workstation kernel: [    2.109606] [drm:vmw_host_printf [vmwgfx]] *ERROR* Failed to send host log message.
Mar 14 11:20:28 workstation kernel: [    2.110997] fbcon: svgadrmfb (fb0) is primary device
Mar 14 11:20:28 workstation kernel: [    2.115669] loop7: detected capacity change from 0 to 568
Mar 14 11:20:28 workstation kernel: [    2.140549] Console: switching to colour frame buffer device 100x37
Mar 14 11:20:28 workstation kernel: [    2.141627] [drm] Initialized vmwgfx 2.20.0 20211206 for 0000:00:02.0 on minor 0
Mar 14 11:20:28 workstation kernel: [    2.321439] vboxguest: host-version: 7.0.6r155176 0x8000000f
Mar 14 11:20:28 workstation kernel: [    2.327811] vbg_heartbeat_init: Setting up heartbeat to trigger every 2000 milliseconds
Mar 14 11:20:28 workstation kernel: [    2.348477] input: VirtualBox mouse integration as /devices/pci0000:00/0000:00:04.0/input/input7
Mar 14 11:20:28 workstation kernel: [    2.355790] vboxguest: misc device minor 123, IRQ 20, I/O port d040, MMIO at 0x00000000f0400000 (size 0x0000000000400000)
Mar 14 11:20:28 workstation kernel: [    2.407392] RAPL PMU: API unit is 2^-32 Joules, 0 fixed counters, 10737418240 ms ovfl timer
Mar 14 11:20:28 workstation kernel: [    2.439513] cryptd: max_cpu_qlen set to 1000
Mar 14 11:20:28 workstation kernel: [    2.448349] SSE version of gcm_enc/dec engaged.
Mar 14 11:20:28 workstation kernel: [    2.637440] intel_rapl_msr: PL4 support detected.
Mar 14 11:20:28 workstation kernel: [    2.849133] audit: type=1400 audit(1678764022.700:2): apparmor="STATUS" operation="profile_load" profile="unconfined" name="lsb_release" pid=428 comm="apparmor_parser"
Mar 14 11:20:28 workstation kernel: [    2.865667] audit: type=1400 audit(1678764022.720:3): apparmor="STATUS" operation="profile_load" profile="unconfined" name="nvidia_modprobe" pid=429 comm="apparmor_parser"
Mar 14 11:20:28 workstation kernel: [    2.871374] audit: type=1400 audit(1678764022.724:4): apparmor="STATUS" operation="profile_load" profile="unconfined" name="nvidia_modprobe//kmod" pid=429 comm="apparmor_parser"
Mar 14 11:20:28 workstation kernel: [    2.966062] snd_intel8x0 0000:00:05.0: allow list rate for 1028:0177 is 48000
Mar 14 11:20:28 workstation kernel: [    3.039921] audit: type=1400 audit(1678764022.892:5): apparmor="STATUS" operation="profile_load" profile="unconfined" name="/usr/lib/NetworkManager/nm-dhcp-client.action" pid=480 comm="apparmor_parser"
Mar 14 11:20:28 workstation kernel: [    3.043124] audit: type=1400 audit(1678764022.896:6): apparmor="STATUS" operation="profile_load" profile="unconfined" name="/usr/lib/NetworkManager/nm-dhcp-helper" pid=480 comm="apparmor_parser"
Mar 14 11:20:28 workstation kernel: [    3.043925] audit: type=1400 audit(1678764022.896:7): apparmor="STATUS" operation="profile_load" profile="unconfined" name="/usr/lib/connman/scripts/dhclient-script" pid=480 comm="apparmor_parser"
Mar 14 11:20:28 workstation kernel: [    3.046971] audit: type=1400 audit(1678764022.900:8): apparmor="STATUS" operation="profile_load" profile="unconfined" name="/{,usr/}sbin/dhclient" pid=480 comm="apparmor_parser"
Mar 14 11:20:28 workstation kernel: [    3.069893] mtd device must be supplied (device name is empty)
Mar 14 11:20:28 workstation kernel: [    3.169944] audit: type=1400 audit(1678764023.024:9): apparmor="STATUS" operation="profile_load" profile="unconfined" name="/usr/bin/man" pid=533 comm="apparmor_parser"
Mar 14 11:20:28 workstation kernel: [    3.174634] audit: type=1400 audit(1678764023.028:10): apparmor="STATUS" operation="profile_load" profile="unconfined" name="man_filter" pid=533 comm="apparmor_parser"
Mar 14 11:20:28 workstation kernel: [    6.516675] kauditd_printk_skb: 16 callbacks suppressed
Mar 14 11:20:28 workstation kernel: [    6.516677] audit: type=1400 audit(1678764026.364:27): apparmor="STATUS" operation="profile_load" profile="unconfined" name="libreoffice-soffice" pid=585 comm="apparmor_parser"
Mar 14 11:20:28 workstation kernel: [    6.517563] audit: type=1400 audit(1678764026.372:28): apparmor="STATUS" operation="profile_load" profile="unconfined" name="libreoffice-soffice//gpg" pid=585 comm="apparmor_parser"
Mar 14 11:20:28 workstation kernel: [    6.760417] audit: type=1400 audit(1678764026.612:29): apparmor="STATUS" operation="profile_load" profile="unconfined" name="/snap/snapd/16292/usr/lib/snapd/snap-confine" pid=600 comm="apparmor_parser"
Mar 14 11:20:28 workstation kernel: [    6.760938] audit: type=1400 audit(1678764026.612:30): apparmor="STATUS" operation="profile_load" profile="unconfined" name="/snap/snapd/16292/usr/lib/snapd/snap-confine//mount-namespace-capture-helper" pid=600 comm="apparmor_parser"
Mar 14 11:20:28 workstation kernel: [    6.879360] audit: type=1400 audit(1678764026.728:31): apparmor="STATUS" operation="profile_load" profile="unconfined" name="snap-update-ns.firefox" pid=601 comm="apparmor_parser"
Mar 14 11:20:28 workstation kernel: [    7.138582] audit: type=1400 audit(1678764026.984:32): apparmor="STATUS" operation="profile_load" profile="unconfined" name="snap-update-ns.snap-store" pid=602 comm="apparmor_parser"
Mar 14 11:20:28 workstation kernel: [    7.343004] audit: type=1400 audit(1678764027.080:33): apparmor="STATUS" operation="profile_load" profile="unconfined" name="snap-update-ns.snapd-desktop-integration" pid=603 comm="apparmor_parser"
Mar 14 11:20:28 workstation kernel: [    8.019454] audit: type=1400 audit(1678764027.872:34): apparmor="STATUS" operation="profile_load" profile="unconfined" name="snap.firefox.firefox" pid=604 comm="apparmor_parser"
Mar 14 11:20:28 workstation kernel: [    8.131703] audit: type=1400 audit(1678764027.984:35): apparmor="STATUS" operation="profile_load" profile="unconfined" name="snap.firefox.hook.configure" pid=606 comm="apparmor_parser"
Mar 14 11:20:28 workstation kernel: [    8.262457] audit: type=1400 audit(1678764028.100:36): apparmor="STATUS" operation="profile_load" profile="unconfined" name="snap.firefox.geckodriver" pid=605 comm="apparmor_parser"
Mar 14 11:20:29 workstation apport[617]:  * Starting automatic crash report generation: apport
Mar 14 11:20:29 workstation systemd[1]: grub-common.service: Deactivated successfully.
Mar 14 11:20:29 workstation systemd[1]: Finished Record successful boot for GRUB.
Mar 14 11:20:29 workstation systemd[1]: e2scrub_reap.service: Deactivated successfully.
Mar 14 11:20:29 workstation systemd[1]: Finished Remove Stale Online ext4 Metadata Check Snapshots.
Mar 14 11:20:29 workstation NetworkManager[623]: <info>  [1678764029.0160] NetworkManager (version 1.36.6) is starting... (for the first time)
Mar 14 11:20:29 workstation NetworkManager[623]: <info>  [1678764029.0171] Read config: /etc/NetworkManager/NetworkManager.conf (lib: 10-dns-resolved.conf, 20-connectivity-ubuntu.conf, no-mac-addr-change.conf) (run: 10-globally-managed-devices.conf) (etc: default-wifi-powersave-on.conf)
Mar 14 11:20:29 workstation systemd[1]: Starting GRUB failed boot detection...
Mar 14 11:20:29 workstation systemd[1]: grub-initrd-fallback.service: Deactivated successfully.
Mar 14 11:20:29 workstation dbus-daemon[620]: [system] AppArmor D-Bus mediation is enabled
Mar 14 11:20:29 workstation systemd[1]: Finished GRUB failed boot detection.
Mar 14 11:20:29 workstation apport[617]:    ...done.
Mar 14 11:20:29 workstation systemd[1]: Started LSB: automatic crash report generation.
Mar 14 11:20:29 workstation wpa_supplicant[648]: Successfully initialized wpa_supplicant
Mar 14 11:20:29 workstation systemd[1]: Started WPA supplicant.
Mar 14 11:20:29 workstation systemd[1]: Started Avahi mDNS/DNS-SD Stack.
Mar 14 11:20:29 workstation polkitd[636]: started daemon version 0.105 using authority implementation `local' version `0.105'
Mar 14 11:20:29 workstation avahi-daemon[618]: Successfully called chroot().
Mar 14 11:20:29 workstation avahi-daemon[618]: Successfully dropped remaining capabilities.
Mar 14 11:20:29 workstation avahi-daemon[618]: No service file found in /etc/avahi/services.
Mar 14 11:20:29 workstation avahi-daemon[618]: Joining mDNS multicast group on interface lo.IPv6 with address ::1.
Mar 14 11:20:29 workstation avahi-daemon[618]: New relevant interface lo.IPv6 for mDNS.
Mar 14 11:20:29 workstation avahi-daemon[618]: Joining mDNS multicast group on interface lo.IPv4 with address 127.0.0.1.
Mar 14 11:20:29 workstation avahi-daemon[618]: New relevant interface lo.IPv4 for mDNS.
Mar 14 11:20:29 workstation avahi-daemon[618]: Network interface enumeration completed.
Mar 14 11:20:29 workstation avahi-daemon[618]: Registering new address record for ::1 on lo.*.
Mar 14 11:20:29 workstation avahi-daemon[618]: Registering new address record for 127.0.0.1 on lo.IPv4.
Mar 14 11:20:29 workstation systemd[1]: Started Authorization Manager.
Mar 14 11:20:29 workstation systemd[1]: Starting Modem Manager...
Mar 14 11:20:29 workstation systemd[1]: Started Switcheroo Control Proxy service.
Mar 14 11:20:29 workstation systemd[1]: Condition check resulted in Manage Sound Card State (restore and store) being skipped.
Mar 14 11:20:29 workstation systemd[1]: Starting Save/Restore Sound Card State...
Mar 14 11:20:29 workstation NetworkManager[623]: <info>  [1678764029.0912] bus-manager: acquired D-Bus service "org.freedesktop.NetworkManager"
Mar 14 11:20:29 workstation systemd[1]: Started Network Manager.
Mar 14 11:20:29 workstation systemd[1]: Started Power Profiles daemon.
Mar 14 11:20:29 workstation NetworkManager[623]: <info>  [1678764029.0987] manager[0x55b27beae040]: monitoring kernel firmware directory '/lib/firmware'.
Mar 14 11:20:29 workstation NetworkManager[623]: <info>  [1678764029.0987] monitoring ifupdown state file '/run/network/ifstate'.
Mar 14 11:20:29 workstation systemd[1]: Reached target Network.
Mar 14 11:20:29 workstation systemd[1]: Starting Network Manager Wait Online...
Mar 14 11:20:29 workstation dbus-daemon[620]: [system] Activating via systemd: service name='org.freedesktop.hostname1' unit='dbus-org.freedesktop.hostname1.service' requested by ':1.10' (uid=0 pid=623 comm="/usr/sbin/NetworkManager --no-daemon " label="unconfined")
Mar 14 11:20:29 workstation systemd[1]: Starting CUPS Scheduler...
Mar 14 11:20:29 workstation udisksd[647]: failed to load module mdraid: libbd_mdraid.so.2: cannot open shared object file: No such file or directory
Mar 14 11:20:29 workstation systemd[1]: Starting OpenVPN service...
Mar 14 11:20:29 workstation systemd[1]: Starting Permit User Sessions...
Mar 14 11:20:29 workstation systemd[1]: gpu-manager.service: Deactivated successfully.
Mar 14 11:20:29 workstation systemd[1]: Finished Detect the available GPUs and deal with any system changes.
Mar 14 11:20:29 workstation systemd[1]: Finished OpenVPN service.
Mar 14 11:20:29 workstation systemd[1]: Finished Permit User Sessions.
Mar 14 11:20:29 workstation alsactl[731]: /usr/sbin/alsactl: load_state:1689: Cannot open /var/lib/alsa/asound.state for reading: No such file or directory
Mar 14 11:20:29 workstation alsactl[731]: alsa-lib main.c:1412:(snd_use_case_mgr_open) error: failed to import hw:0 use case configuration -2
Mar 14 11:20:29 workstation alsactl[731]: Found hardware: "ICH" "Analog Devices AD1980" "AC97a:41445370" "0x1028" "0x0177"
Mar 14 11:20:29 workstation alsactl[731]: Hardware is initialized using a generic method
Mar 14 11:20:29 workstation udisksd[647]: Failed to load the 'mdraid' libblockdev plugin
Mar 14 11:20:29 workstation systemd[1]: Finished Save/Restore Sound Card State.
Mar 14 11:20:29 workstation systemd[1]: Started User Login Management.
Mar 14 11:20:29 workstation systemd[1]: Reached target Sound Card.
Mar 14 11:20:29 workstation systemd[1]: Starting GNOME Display Manager...
Mar 14 11:20:29 workstation snapd[640]: AppArmor status: apparmor is enabled and all features are available
Mar 14 11:20:29 workstation ModemManager[695]: <info>  ModemManager (version 1.18.6) starting in system bus...
Mar 14 11:20:29 workstation systemd[1]: Starting Hold until boot process finishes up...
Mar 14 11:20:29 workstation systemd[1]: Starting Hostname Service...
Mar 14 11:20:29 workstation systemd[1]: Started Unattended Upgrades Shutdown.
Mar 14 11:20:29 workstation systemd[1]: Started CUPS Scheduler.
Mar 14 11:20:29 workstation snapd[640]: overlord.go:263: Acquiring state lock file
Mar 14 11:20:29 workstation snapd[640]: overlord.go:268: Acquired state lock file
Mar 14 11:20:29 workstation accounts-daemon[614]: started daemon version 22.07.5
Mar 14 11:20:29 workstation systemd[1]: Started Accounts Service.
Mar 14 11:20:29 workstation systemd[1]: Started Modem Manager.
Mar 14 11:20:29 workstation systemd[1]: Started GNOME Display Manager.
Mar 14 11:20:29 workstation networkd-dispatcher[634]: No valid path found for iw
Mar 14 11:20:29 workstation systemd[1]: Received SIGRTMIN+21 from PID 308 (plymouthd).
Mar 14 11:20:29 workstation dbus-daemon[620]: [system] Successfully activated service 'org.freedesktop.hostname1'
Mar 14 11:20:29 workstation systemd[1]: Started Hostname Service.
Mar 14 11:20:29 workstation systemd[1]: Started Disk Manager.
Mar 14 11:20:29 workstation NetworkManager[623]: <info>  [1678764029.4496] hostname: hostname: using hostnamed
Mar 14 11:20:29 workstation NetworkManager[623]: <info>  [1678764029.4496] hostname: static hostname changed from (none) to "workstation"
Mar 14 11:20:29 workstation dbus-daemon[620]: [system] Activating via systemd: service name='org.freedesktop.network1' unit='dbus-org.freedesktop.network1.service' requested by ':1.18' (uid=0 pid=767 comm="/usr/bin/networkctl list --no-pager --no-legend " label="unconfined")
Mar 14 11:20:29 workstation dbus-daemon[620]: [system] Activation via systemd failed for unit 'dbus-org.freedesktop.network1.service': Unit dbus-org.freedesktop.network1.service not found.
Mar 14 11:20:29 workstation NetworkManager[623]: <info>  [1678764029.4511] dns-mgr[0x55b27be8b2a0]: init: dns=systemd-resolved rc-manager=unmanaged (auto), plugin=systemd-resolved
Mar 14 11:20:29 workstation NetworkManager[623]: <info>  [1678764029.4518] manager[0x55b27beae040]: rfkill: Wi-Fi hardware radio set enabled
Mar 14 11:20:29 workstation networkd-dispatcher[767]: WARNING: systemd-networkd is not running, output will be incomplete.
Mar 14 11:20:29 workstation NetworkManager[623]: <info>  [1678764029.4518] manager[0x55b27beae040]: rfkill: WWAN hardware radio set enabled
Mar 14 11:20:29 workstation NetworkManager[623]: <info>  [1678764029.4552] Loaded device plugin: NMAtmManager (/usr/lib/x86_64-linux-gnu/NetworkManager/1.36.6/libnm-device-plugin-adsl.so)
Mar 14 11:20:29 workstation NetworkManager[623]: <info>  [1678764029.4572] Loaded device plugin: NMWifiFactory (/usr/lib/x86_64-linux-gnu/NetworkManager/1.36.6/libnm-device-plugin-wifi.so)
Mar 14 11:20:29 workstation NetworkManager[623]: <info>  [1678764029.4615] Loaded device plugin: NMBluezManager (/usr/lib/x86_64-linux-gnu/NetworkManager/1.36.6/libnm-device-plugin-bluetooth.so)
Mar 14 11:20:29 workstation NetworkManager[623]: <info>  [1678764029.4653] Loaded device plugin: NMTeamFactory (/usr/lib/x86_64-linux-gnu/NetworkManager/1.36.6/libnm-device-plugin-team.so)
Mar 14 11:20:29 workstation networkd-dispatcher[634]: ERROR:Unknown state for interface NetworkctlListState(idx=1, name='lo', type='loopback', operational='n/a', administrative='unmanaged'): n/a
Mar 14 11:20:29 workstation networkd-dispatcher[634]: Traceback (most recent call last):
Mar 14 11:20:29 workstation networkd-dispatcher[634]:   File "/usr/bin/networkd-dispatcher", line 298, in trigger_all
Mar 14 11:20:29 workstation networkd-dispatcher[634]:     self.handle_state(iface_name,
Mar 14 11:20:29 workstation networkd-dispatcher[634]:   File "/usr/bin/networkd-dispatcher", line 348, in handle_state
Mar 14 11:20:29 workstation networkd-dispatcher[634]:     raise UnknownState(operational_state)
Mar 14 11:20:29 workstation networkd-dispatcher[634]: UnknownState: n/a
Mar 14 11:20:29 workstation networkd-dispatcher[634]: ERROR:Unknown state for interface NetworkctlListState(idx=2, name='enp0s3', type='ether', operational='n/a', administrative='unmanaged'): n/a
Mar 14 11:20:29 workstation networkd-dispatcher[634]: Traceback (most recent call last):
Mar 14 11:20:29 workstation networkd-dispatcher[634]:   File "/usr/bin/networkd-dispatcher", line 298, in trigger_all
Mar 14 11:20:29 workstation networkd-dispatcher[634]:     self.handle_state(iface_name,
Mar 14 11:20:29 workstation networkd-dispatcher[634]:   File "/usr/bin/networkd-dispatcher", line 348, in handle_state
Mar 14 11:20:29 workstation networkd-dispatcher[634]:     raise UnknownState(operational_state)
Mar 14 11:20:29 workstation networkd-dispatcher[634]: UnknownState: n/a
Mar 14 11:20:29 workstation systemd[1]: Started Dispatcher daemon for systemd-networkd.
Mar 14 11:20:29 workstation NetworkManager[623]: <info>  [1678764029.4680] Loaded device plugin: NMWwanFactory (/usr/lib/x86_64-linux-gnu/NetworkManager/1.36.6/libnm-device-plugin-wwan.so)
Mar 14 11:20:29 workstation NetworkManager[623]: <info>  [1678764029.4682] manager: rfkill: Wi-Fi enabled by radio killswitch; enabled by state file
Mar 14 11:20:29 workstation NetworkManager[623]: <info>  [1678764029.4682] manager: rfkill: WWAN enabled by radio killswitch; enabled by state file
Mar 14 11:20:29 workstation NetworkManager[623]: <info>  [1678764029.4683] manager: Networking is enabled by state file
Mar 14 11:20:29 workstation dbus-daemon[620]: [system] Activating via systemd: service name='org.freedesktop.nm_dispatcher' unit='dbus-org.freedesktop.nm-dispatcher.service' requested by ':1.10' (uid=0 pid=623 comm="/usr/sbin/NetworkManager --no-daemon " label="unconfined")
Mar 14 11:20:29 workstation NetworkManager[623]: <info>  [1678764029.4697] settings: Loaded settings plugin: ifupdown ("/usr/lib/x86_64-linux-gnu/NetworkManager/1.36.6/libnm-settings-plugin-ifupdown.so")
Mar 14 11:20:29 workstation NetworkManager[623]: <info>  [1678764029.4697] settings: Loaded settings plugin: keyfile (internal)
Mar 14 11:20:29 workstation NetworkManager[623]: <info>  [1678764029.4697] ifupdown: management mode: unmanaged
Mar 14 11:20:29 workstation systemd[1]: Starting Network Manager Script Dispatcher Service...
Mar 14 11:20:29 workstation NetworkManager[623]: <info>  [1678764029.4714] ifupdown: interfaces file /etc/network/interfaces doesn't exist
Mar 14 11:20:29 workstation NetworkManager[623]: <info>  [1678764029.4739] dhcp-init: Using DHCP client 'internal'
Mar 14 11:20:29 workstation NetworkManager[623]: <info>  [1678764029.4739] device (lo): carrier: link connected
Mar 14 11:20:29 workstation NetworkManager[623]: <info>  [1678764029.4742] manager: (lo): new Generic device (/org/freedesktop/NetworkManager/Devices/1)
Mar 14 11:20:29 workstation NetworkManager[623]: <info>  [1678764029.4751] manager: (enp0s3): new Ethernet device (/org/freedesktop/NetworkManager/Devices/2)
Mar 14 11:20:29 workstation NetworkManager[623]: <info>  [1678764029.4763] settings: (enp0s3): created default wired connection 'Wired connection 1'
Mar 14 11:20:29 workstation NetworkManager[623]: <info>  [1678764029.4763] device (enp0s3): state change: unmanaged -> unavailable (reason 'managed', sys-iface-state: 'external')
Mar 14 11:20:29 workstation dbus-daemon[620]: [system] Successfully activated service 'org.freedesktop.nm_dispatcher'
Mar 14 11:20:29 workstation snapd[640]: patch.go:63: Patching system state level 6 to sublevel 1...
Mar 14 11:20:29 workstation systemd[1]: Started Network Manager Script Dispatcher Service.
